Archive member included because of file (symbol)

libee.a(ee_hal_structs.o)     obj/code.o (EE_IRQ_nesting_level)
libee.a(ee_utils.o)           obj/code.o (EE_system_init)
libee.a(ee_gnu_change_context_isr.o)
                              obj/code.o (EE_switch_context)
libee.a(ee_irqendin.o)        libee.a(ee_gnu_change_context_isr.o) (EE_IRQ_end_instance)
libee.a(ee_tstub.o)           obj/eecfg.o (EE_oo_thread_stub)
libee.a(ee_lookup.o)          libee.a(ee_irqendin.o) (EE_oo_IRQ_disable_count)
libee.a(ee_rq_exchg.o)        libee.a(ee_irqendin.o) (EE_rq2stk_exchange)
libee.a(ee_alsetrel.o)        obj/code.o (EE_oo_SetRelAlarm)
libee.a(ee_altick.o)          libee.a(ee_alsetrel.o) (EE_oo_counter_object_insert)
libee.a(ee_context.o)         libee.a(ee_gnu_change_context_isr.o) (EE_cortex_mx_change_context)
libee.a(ee_gnu_oo.o)          libee.a(ee_tstub.o) (EE_hal_terminate_savestk)
libee.a(ee_tnterm.o)          libee.a(ee_gnu_oo.o) (EE_thread_not_terminated)
libee.a(ee_rq_inser.o)        libee.a(ee_altick.o) (EE_rq_insert)
libee.a(ee_context.o)         libee.a(ee_context.o) (EE_std_run_task_code)
libee.a(ee_thendin.o)         libee.a(ee_context.o) (EE_thread_end_instance)
libstm32f4discovery.a(stm32f4_discovery_lcd.o)
                              obj/WidgetConfig.o (Font32x48)
libstm32f4xxspd.a(stm32f4xx_dma.o)
                              obj/STMPE811QTR.o (DMA_DeInit)
libstm32f4xxspd.a(stm32f4xx_fsmc.o)
                              libstm32f4discovery.a(stm32f4_discovery_lcd.o) (FSMC_NORSRAMDeInit)
libstm32f4xxspd.a(stm32f4xx_gpio.o)
                              obj/STMPE811QTR.o (GPIO_Init)
libstm32f4xxspd.a(stm32f4xx_i2c.o)
                              obj/STMPE811QTR.o (I2C_Init)
libstm32f4xxspd.a(stm32f4xx_rcc.o)
                              libstm32f4xxspd.a(stm32f4xx_i2c.o) (RCC_GetClocksFreq)
c:/progra~2/gnutoo~1/4195f~1.920/bin/../lib/gcc/arm-none-eabi/4.9.3/armv7e-m\libgcc.a(_arm_addsubdf3.o)
                              libstm32f4discovery.a(stm32f4_discovery_lcd.o) (__aeabi_ui2d)
c:/progra~2/gnutoo~1/4195f~1.920/bin/../lib/gcc/arm-none-eabi/4.9.3/armv7e-m\libgcc.a(_arm_muldivdf3.o)
                              obj/Touch.o (__aeabi_ddiv)
c:/progra~2/gnutoo~1/4195f~1.920/bin/../lib/gcc/arm-none-eabi/4.9.3/armv7e-m\libgcc.a(_arm_cmpdf2.o)
                              libstm32f4discovery.a(stm32f4_discovery_lcd.o) (__aeabi_dcmplt)
c:/progra~2/gnutoo~1/4195f~1.920/bin/../lib/gcc/arm-none-eabi/4.9.3/armv7e-m\libgcc.a(_arm_fixdfsi.o)
                              obj/Touch.o (__aeabi_d2iz)
c:/progra~2/gnutoo~1/4195f~1.920/bin/../lib/gcc/arm-none-eabi/4.9.3/armv7e-m\libgcc.a(_arm_addsubsf3.o)
                              obj/Touch.o (__aeabi_fsub)
c:/progra~2/gnutoo~1/4195f~1.920/bin/../lib/gcc/arm-none-eabi/4.9.3/armv7e-m\libgcc.a(_arm_muldivsf3.o)
                              obj/Touch.o (__aeabi_fmul)
c:/progra~2/gnutoo~1/4195f~1.920/bin/../lib/gcc/arm-none-eabi/4.9.3/armv7e-m\libgcc.a(_arm_fixsfsi.o)
                              obj/Touch.o (__aeabi_f2iz)
c:/progra~2/gnutoo~1/4195f~1.920/bin/../lib/gcc/arm-none-eabi/4.9.3/armv7e-m\libgcc.a(_arm_fixunssfsi.o)
                              obj/Touch.o (__aeabi_f2uiz)
C:\PROGRA~2\GNUTOO~1\4195F~1.920\arm-none-eabi\lib\thumb\libc.a(lib_a-exit.o)
                              c:/progra~2/gnutoo~1/4195f~1.920/bin/../lib/gcc/arm-none-eabi/4.9.3/../../../../arm-none-eabi/lib/armv7e-m/crt0.o (exit)
C:\PROGRA~2\GNUTOO~1\4195F~1.920\arm-none-eabi\lib\thumb\libc.a(lib_a-impure.o)
                              C:\PROGRA~2\GNUTOO~1\4195F~1.920\arm-none-eabi\lib\thumb\libc.a(lib_a-exit.o) (_global_impure_ptr)
C:\PROGRA~2\GNUTOO~1\4195F~1.920\arm-none-eabi\lib\thumb\libc.a(lib_a-init.o)
                              c:/progra~2/gnutoo~1/4195f~1.920/bin/../lib/gcc/arm-none-eabi/4.9.3/../../../../arm-none-eabi/lib/armv7e-m/crt0.o (__libc_init_array)
C:\PROGRA~2\GNUTOO~1\4195F~1.920\arm-none-eabi\lib\thumb\libc.a(lib_a-memset.o)
                              c:/progra~2/gnutoo~1/4195f~1.920/bin/../lib/gcc/arm-none-eabi/4.9.3/../../../../arm-none-eabi/lib/armv7e-m/crt0.o (memset)
C:\PROGRA~2\GNUTOO~1\4195F~1.920\arm-none-eabi\lib\thumb\libc.a(lib_a-sprintf.o)
                              obj/code.o (sprintf)
C:\PROGRA~2\GNUTOO~1\4195F~1.920\arm-none-eabi\lib\thumb\libc.a(lib_a-svfprintf.o)
                              C:\PROGRA~2\GNUTOO~1\4195F~1.920\arm-none-eabi\lib\thumb\libc.a(lib_a-sprintf.o) (_svfprintf_r)
C:\PROGRA~2\GNUTOO~1\4195F~1.920\arm-none-eabi\lib\thumb\libc.a(lib_a-__call_atexit.o)
                              C:\PROGRA~2\GNUTOO~1\4195F~1.920\arm-none-eabi\lib\thumb\libc.a(lib_a-exit.o) (__call_exitprocs)
C:\PROGRA~2\GNUTOO~1\4195F~1.920\arm-none-eabi\lib\thumb\libc.a(lib_a-atexit.o)
                              C:\PROGRA~2\GNUTOO~1\4195F~1.920\arm-none-eabi\lib\thumb\libc.a(lib_a-__call_atexit.o) (atexit)
C:\PROGRA~2\GNUTOO~1\4195F~1.920\arm-none-eabi\lib\thumb\libc.a(lib_a-dtoa.o)
[...]
Memory Configuration

Name             Origin             Length             Attributes
FLASH            0x08000000         0x00100000         xr
RAM              0x20000000         0x00020000         xrw
CCM              0x10000000         0x00010000         xrw
MEMORY_B1        0x60000000         0x00000000         xr
*default*        0x00000000         0xffffffff

Linker script and memory map

LOAD c:/progra~2/gnutoo~1/4195f~1.920/bin/../lib/gcc/arm-none-eabi/4.9.3/armv7e-m/crti.o
LOAD c:/progra~2/gnutoo~1/4195f~1.920/bin/../lib/gcc/arm-none-eabi/4.9.3/armv7e-m/crtbegin.o
LOAD c:/progra~2/gnutoo~1/4195f~1.920/bin/../lib/gcc/arm-none-eabi/4.9.3/../../../../arm-none-eabi/lib/armv7e-m/crt0.o
LOAD obj/Event.o
LOAD obj/STMPE811QTR.o
LOAD obj/SWatch.o
LOAD obj/Touch.o
LOAD obj/Widget.o
LOAD obj/WidgetConfig.o
LOAD obj/code.o
LOAD obj/debug.o
LOAD obj/eecfg.o
LOAD obj/pictures.o
LOAD obj/pkg/mcu/st_stm32_stm32f4xx/src/startup_stm32f4xx_gnu.o
LOAD obj/pkg/mcu/st_stm32_stm32f4xx/src/system_stm32f4xx.o
LOAD libee.a
LOAD libstm32f4discovery.a
LOAD libstm32f4xxspd.a
START GROUP
LOAD c:/progra~2/gnutoo~1/4195f~1.920/bin/../lib/gcc/arm-none-eabi/4.9.3/armv7e-m\libgcc.a
LOAD C:\PROGRA~2\GNUTOO~1\4195F~1.920\arm-none-eabi\lib\thumb\libc.a
LOAD C:\PROGRA~2\GNUTOO~1\4195F~1.920\arm-none-eabi\lib\thumb\libm.a
LOAD C:\PROGRA~2\GNUTOO~1\4195F~1.920\arm-none-eabi\lib\thumb\libnosys.a
END GROUP

.text           0x08000000    0x4d9d4
 *(.isr_vector)
 .isr_vector    0x08000000      0x188 obj/pkg/mcu/st_stm32_stm32f4xx/src/startup_stm32f4xx_gnu.o
                0x08000000                __isr_vector
 *(.text*)
 .text          0x08000188        0x0 c:/progra~2/gnutoo~1/4195f~1.920/bin/../lib/gcc/arm-none-eabi/4.9.3/armv7e-m/crti.o
 .text          0x08000188       0x5c c:/progra~2/gnutoo~1/4195f~1.920/bin/../lib/gcc/arm-none-eabi/4.9.3/armv7e-m/crtbegin.o
 .text          0x080001e4       0x74 c:/progra~2/gnutoo~1/4195f~1.920/bin/../lib/gcc/arm-none-eabi/4.9.3/../../../../arm-none-eabi/lib/armv7e-m/crt0.o
                0x080001e4                _start
                0x080001e4                _mainCRTStartup
 .text          0x08000258        0x0 obj/Event.o
 .text          0x08000258      0xe20 obj/STMPE811QTR.o
                0x08000258                IOE_Config
                0x08000290                IOE_ITConfig
                0x080002d4                IOE_TS_GetState
                0x080003a8                IOE_GetGITStatus
                0x080003e8                IOE_ClearGITPending
                0x08000410                IOE_GetIOITStatus
                0x0800044c                IOE_IsOperational
                0x08000488                IOE_Reset
                0x080004bc                IOE_ReadID
                0x080004fc                IOE_FnctCmd
                0x08000558                IOE_IOPinConfig
                0x080005b4                IOE_GITCmd
                0x08000604                IOE_GITConfig
                0x08000660                IOE_IOITConfig
                0x080006bc                IOE_TS_Config
                0x080007bc                IOE_IOAFConfig
                0x08000818                IOE_IOEdgeConfig
                0x080008b4                IOE_ITOutConfig
                0x08000900                I2C_WriteDeviceRegister
                0x08000a70                I2C_ReadDeviceRegister
                0x08000c38                I2C_ReadDataBuffer
                0x08000e14                IOE_TS_Read_X
                0x08000e60                IOE_TS_Read_Y
 .text          0x08001078     0x172c obj/SWatch.o
                0x0800225c                SWatch_step
                0x08002690                SWatch_initialize
 .text          0x080027a4      0x5d4 obj/Touch.o
                0x080027a4                delay
                0x080027d8                Draw_Calibration_Mark
                0x08002820                Lcd_Touch_Calibration
                0x08002ad0                GetTouch_TC_Async
                0x08002b3c                GetTouch_TC_Sync
                0x08002bac                GetTouch_SC_Async
                0x08002c74                GetTouch_SC_Sync
                0x08002d3c                InitTouch
 .text          0x08002d78      0x220 obj/Widget.o
                0x08002d78                contains
                0x08002dd8                OnTouch
                0x08002e48                DrawInit
                0x08002e7c                DrawOn
                0x08002ee4                DrawOff
                0x08002f4c                WPrint
 .text          0x08002f98        0x0 obj/WidgetConfig.o
 .text          0x08002f98      0xb00 obj/code.o
                0x08002fcc                systick_handler
                0x08003088                ISR2_systick_handler
                0x08003094                FuncTaskLCD
                0x080030d0                setTimeString
                0x08003108                IsUpdateTime
                0x0800317c                UpdateTime
                0x080031cc                UpdateMode
                0x0800326c                strencode2digit
                0x080032c8                tenths2digit
                0x0800330c                drawdigits
                0x08003350                handling_digits
                0x08003448                update_digits
                0x08003584                blinking_digits
                0x08003690                handling_events
                0x08003790                FuncTaskClock
                0x08003930                main
 .text          0x08003a98       0x4c obj/debug.o
                0x08003a98                debuginfo
 .text          0x08003ae4       0x34 obj/eecfg.o
 .text          0x08003b18        0x0 obj/pictures.o
 .text          0x08003b18        0x0 obj/pkg/mcu/st_stm32_stm32f4xx/src/startup_stm32f4xx_gnu.o
 .text.EE_cortex_mx_default_reset_ISR
                0x08003b18       0x40 obj/pkg/mcu/st_stm32_stm32f4xx/src/startup_stm32f4xx_gnu.o
                0x08003b18                EE_cortex_mx_default_reset_ISR
 .text.EE_cortex_mx_default_ISR
                0x08003b58        0x4 obj/pkg/mcu/st_stm32_stm32f4xx/src/startup_stm32f4xx_gnu.o
                0x08003b58                EE_CORTEX_MX_USART6_ISR
                0x08003b58                EE_CORTEX_MX_CRYP_ISR
                0x08003b58                EE_CORTEX_MX_BUS_FAULT_ISR
                0x08003b58                EE_CORTEX_MX_PVD_ISR
                0x08003b58                EE_CORTEX_MX_DMA1_Stream3_ISR
                0x08003b58                EE_CORTEX_MX_DMA2_Stream6_ISR
                0x08003b58                EE_CORTEX_MX_SPI2_ISR
                0x08003b58                EE_CORTEX_MX_CAN1_RX1_ISR
                0x08003b58                EE_CORTEX_MX_TIM6_DAC_ISR
                0x08003b58                EE_CORTEX_MX_I2C2_EV_ISR
                0x08003b58                EE_CORTEX_MX_TIM1_UP_TIM10_ISR
                0x08003b58                EE_CORTEX_MX_CAN1_RX0_ISR
                0x08003b58                EE_CORTEX_MX_USART1_ISR
                0x08003b58                EE_CORTEX_MX_TIM8_CC_ISR
                0x08003b58                EE_CORTEX_MX_DMA2_Stream2_ISR
                0x08003b58                EE_CORTEX_MX_RTC_Alarm_ISR
                0x08003b58                EE_CORTEX_MX_EXTI2_ISR
                0x08003b58                EE_CORTEX_MX_OTG_HS_ISR
                0x08003b58                EE_CORTEX_MX_DCMI_ISR
                0x08003b58                EE_CORTEX_MX_SPI1_ISR
                0x08003b58                EE_cortex_mx_default_ISR
                0x08003b58                EE_CORTEX_MX_ETH_WKUP_ISR
                0x08003b58                EE_CORTEX_MX_TIM8_TRG_COM_TIM14_ISR
                0x08003b58                EE_CORTEX_MX_USAGE_FAULT_ISR
                0x08003b58                EE_CORTEX_MX_DMA2_Stream4_ISR
                0x08003b58                EE_CORTEX_MX_DMA1_Stream2_ISR
                0x08003b58                EE_CORTEX_MX_TIM7_ISR
                0x08003b58                EE_CORTEX_MX_TIM2_ISR
                0x08003b58                EE_CORTEX_MX_I2C1_EV_ISR
                0x08003b58                EE_CORTEX_MX_TIM1_TRG_COM_TIM11_ISR
                0x08003b58                EE_CORTEX_MX_UART5_ISR
                0x08003b58                EE_CORTEX_MX_UART4_ISR
                0x08003b58                EE_CORTEX_MX_NMI_ISR
                0x08003b58                EE_CORTEX_MX_TIM3_ISR
                0x08003b58                EE_CORTEX_MX_USART3_ISR
                0x08003b58                EE_CORTEX_MX_EXTI4_ISR
                0x08003b58                EE_CORTEX_MX_ADC_ISR
                0x08003b58                EE_CORTEX_MX_OTG_HS_EP1_IN_ISR
                0x08003b58                EE_CORTEX_MX_CAN1_TX_ISR
                0x08003b58                EE_CORTEX_MX_USART2_ISR
                0x08003b58                EE_CORTEX_MX_SDIO_ISR
                0x08003b58                EE_CORTEX_MX_I2C2_ER_ISR
                0x08003b58                EE_CORTEX_MX_I2C3_EV_ISR
                0x08003b58                EE_CORTEX_MX_HARD_FAULT_ISR
                0x08003b58                EE_CORTEX_MX_OTG_HS_EP1_OUT_ISR
                0x08003b58                EE_CORTEX_MX_TIM8_BRK_TIM12_ISR
                0x08003b58                EE_CORTEX_MX_CAN1_SCE_ISR
                0x08003b58                EE_CORTEX_MX_DMA1_Stream5_ISR
                0x08003b58                EE_CORTEX_MX_TIM4_ISR
                0x08003b58                EE_CORTEX_MX_ETH_ISR
                0x08003b58                EE_CORTEX_MX_OTG_FS_ISR
                0x08003b58                EE_CORTEX_MX_CAN2_RX0_ISR
                0x08003b58                EE_CORTEX_MX_CAN2_SCE_ISR
                0x08003b58                EE_CORTEX_MX_FPU_ISR
                0x08003b58                EE_CORTEX_MX_RTC_WKUP_ISR
                0x08003b58                EE_CORTEX_MX_TIM8_UP_TIM13_ISR
                0x08003b58                EE_CORTEX_MX_OTG_FS_WKUP_ISR
                0x08003b58                EE_CORTEX_MX_DMA2_Stream1_ISR
                0x08003b58                EE_CORTEX_MX_EXTI9_5_ISR
                0x08003b58                EE_CORTEX_MX_EXTI3_ISR
                0x08003b58                EE_CORTEX_MX_EXTI0_ISR
                0x08003b58                EE_CORTEX_MX_DMA2_Stream3_ISR
                0x08003b58                EE_CORTEX_MX_I2C1_ER_ISR
                0x08003b58                EE_CORTEX_MX_FLASH_ISR
                0x08003b58                EE_CORTEX_MX_DMA1_Stream0_ISR
                0x08003b58                EE_CORTEX_MX_OTG_HS_WKUP_ISR
                0x08003b58                EE_CORTEX_MX_DMA1_Stream4_ISR
                0x08003b58                EE_CORTEX_MX_TIM1_BRK_TIM9_ISR
                0x08003b58                EE_CORTEX_MX_I2C3_ER_ISR
                0x08003b58                EE_CORTEX_MX_TIM1_CC_ISR
                0x08003b58                EE_CORTEX_MX_SPI3_ISR
                0x08003b58                EE_CORTEX_MX_EXTI15_10_ISR
                0x08003b58                EE_CORTEX_MX_CAN2_TX_ISR
                0x08003b58                EE_CORTEX_MX_DMA2_Stream0_ISR
                0x08003b58                EE_CORTEX_MX_RCC_ISR
                0x08003b58                EE_CORTEX_MX_FSMC_ISR
                0x08003b58                EE_CORTEX_MX_DMA1_Stream1_ISR
                0x08003b58                EE_CORTEX_MX_DMA2_Stream7_ISR
                0x08003b58                EE_CORTEX_MX_DMA2_Stream5_ISR
                0x08003b58                EE_CORTEX_MX_EXTI1_ISR
                0x08003b58                EE_CORTEX_MX_DEBUG_MONITOR_ISR
                0x08003b58                EE_CORTEX_MX_WWDG_ISR
                0x08003b58                EE_CORTEX_MX_MPU_FAULT_ISR
                0x08003b58                EE_CORTEX_MX_HASH_RNG_ISR
                0x08003b58                EE_CORTEX_MX_TIM5_ISR
                0x08003b58                EE_CORTEX_MX_DMA1_Stream6_ISR
                0x08003b58                EE_CORTEX_MX_TAMP_STAMP_ISR
                0x08003b58                EE_CORTEX_MX_CAN2_RX1_ISR
                0x08003b58                EE_CORTEX_MX_DMA1_Stream7_ISR
 .text._exit    0x08003b5c        0x6 obj/pkg/mcu/st_stm32_stm32f4xx/src/startup_stm32f4xx_gnu.o
                0x08003b5c                _exit
 *fill*         0x08003b62        0x2 
 .text          0x08003b64      0x244 obj/pkg/mcu/st_stm32_stm32f4xx/src/system_stm32f4xx.o
                0x08003b64                SystemInit
                0x08003bbc                SystemCoreClockUpdate
 .text          0x08003da8       0x34 libee.a(ee_hal_structs.o)
 .text          0x08003ddc       0x6c libee.a(ee_utils.o)
                0x08003e10                EE_system_init
 .text          0x08003e48       0x8c libee.a(ee_gnu_change_context_isr.o)
                0x08003e48                EE_set_switch_context_pri
                0x08003e5e                EE_switch_context
                0x08003e66                EE_cortex_mx_pendsv_ISR
                0x08003e9a                EE_cortex_mx_svc_ISR
 .text          0x08003ed4      0x10c libee.a(ee_irqendin.o)
                0x08003f28                EE_IRQ_end_instance
                0x08003fb8                EE_IRQ_end_post_stub
 .text          0x08003fe0       0x54 libee.a(ee_tstub.o)
                0x08004014                EE_oo_thread_stub
 .text          0x08004034       0x34 libee.a(ee_lookup.o)
 .text          0x08004068       0x78 libee.a(ee_rq_exchg.o)
                0x0800409c                EE_rq2stk_exchange
 .text          0x080040e0      0x140 libee.a(ee_alsetrel.o)
                0x08004114                EE_oo_SetRelAlarm
 .text          0x08004220      0x444 libee.a(ee_altick.o)
                0x08004254                EE_oo_counter_object_insert
                0x0800440c                EE_oo_IncrementCounterImplementation
                0x0800456c                EE_oo_IncrementCounterHardware
                0x080045a0                EE_oo_IncrementCounter
 .text          0x08004664       0x50 libee.a(ee_context.o)
                0x08004698                EE_cortex_mx_change_context
 .text          0x080046b4       0x80 libee.a(ee_gnu_oo.o)
                0x080046b4                EE_hal_terminate_savestk
                0x080046fc                EE_hal_terminate_task
 .text          0x08004734       0x4c libee.a(ee_tnterm.o)
                0x08004768                EE_thread_not_terminated
 .text          0x08004780       0xb4 libee.a(ee_rq_inser.o)
                0x080047b4                EE_rq_insert
 .text          0x08004834       0x58 libee.a(ee_context.o)
                0x08004868                EE_std_run_task_code
 .text          0x0800488c      0x184 libee.a(ee_thendin.o)
                0x080048e0                EE_thread_end_instance
 .text          0x08004a10     0x1c80 libstm32f4discovery.a(stm32f4_discovery_lcd.o)
                0x08004a10                LCD_DeInit
                0x08004c50                LCD_CtrlLinesConfig
                0x08004dc8                LCD_FSMCConfig
                0x08004e48                STM32f4_Discovery_LCD_Init
                0x08004fb8                LCD_SetCursor
                0x08004fe4                LCD_WriteReg
                0x08005014                LCD_ReadReg
                0x08005040                LCD_WriteRAM_Prepare
                0x08005054                LCD_WriteRAM
                0x08005074                LCD_ReadRAM
                0x0800508c                LCD_RGB_Test
                0x080050f4                LCD_SetColors
                0x08005128                LCD_GetColors
                0x08005158                LCD_SetTextColor
                0x08005178                LCD_SetBackColor
                0x08005198                LCD_DisplayOff
                0x080051a4                LCD_DisplayOn
                0x080051b0                LCD_SetFont
                0x080051cc                LCD_GetFont
                0x080051e4                LCD_ClearLine
                0x08005220                LCD_Clear
                0x08005260                LCD_DrawPicture
                0x08005374                LCD_DrawChar
                0x08005478                LCD_DrawCharXY
                0x080055b0                LCD_DisplayChar
                0x080055f8                LCD_DisplayCharXY
                0x08005648                LCD_DisplayStringXY
                0x0800569c                LCD_DisplayStringLine
                0x080056f0                LCD_SetDisplayWindow
                0x08005778                LCD_WindowModeDisable
                0x08005784                LCD_DrawLine
                0x08005820                LCD_DrawRect
                0x080058a4                LCD_DrawFilledCircle
                0x08005918                LCD_DrawCircle
                0x08005ae4                LCD_DrawMonoPict
                0x08005b68                LCD_WriteBMP
                0x08005c08                LCD_DrawFilledRect
                0x08005c9c                LCD_DrawFullRect
                0x08005d70                LCD_DrawFullCircle
                0x08005eb0                LCD_DrawUniLine
                0x0800602c                LCD_PolyLine
                0x08006128                LCD_ClosedPolyLine
                0x0800617c                LCD_PolyLineRelative
                0x0800619c                LCD_ClosedPolyLineRelative
                0x080061bc                LCD_FillPolyLine
 .text          0x08006690      0x70c libstm32f4xxspd.a(stm32f4xx_dma.o)
                0x08006690                DMA_DeInit
                0x08006834                DMA_Init
                0x080068e0                DMA_StructInit
                0x0800694c                DMA_Cmd
                0x08006984                DMA_PeriphIncOffsetSizeConfig
                0x080069b8                DMA_FlowControllerConfig
                0x080069ec                DMA_SetCurrDataCounter
                0x08006a08                DMA_GetCurrDataCounter
                0x08006a24                DMA_DoubleBufferModeConfig
                0x08006a60                DMA_DoubleBufferModeCmd
                0x08006a98                DMA_MemoryTargetConfig
                0x08006ac4                DMA_GetCurrentMemoryTarget
                0x08006af4                DMA_GetCmdStatus
                0x08006b24                DMA_GetFIFOStatus
                0x08006b48                DMA_GetFlagStatus
                0x08006bc0                DMA_ClearFlag
                0x08006c1c                DMA_ITConfig
                0x08006c90                DMA_GetITStatus
                0x08006d40                DMA_ClearITPendingBit
 .text          0x08006d9c      0x94c libstm32f4xxspd.a(stm32f4xx_fsmc.o)
                0x08006d9c                FSMC_NORSRAMDeInit
                0x08006df4                FSMC_NORSRAMInit
                0x08006f28                FSMC_NORSRAMStructInit
                0x08006ffc                FSMC_NORSRAMCmd
                0x08007050                FSMC_NANDDeInit
                0x080070ac                FSMC_NANDInit
                0x08007178                FSMC_NANDStructInit
                0x080071f4                FSMC_NANDCmd
                0x08007260                FSMC_NANDECCCmd
                0x080072cc                FSMC_GetECC
                0x08007304                FSMC_PCCARDDeInit
                0x08007338                FSMC_PCCARDInit
                0x080073e4                FSMC_PCCARDStructInit
                0x08007468                FSMC_PCCARDCmd
                0x080074a4                FSMC_ITConfig
                0x08007544                FSMC_GetFlagStatus
                0x080075a8                FSMC_ClearFlag
                0x08007604                FSMC_GetITStatus
                0x08007684                FSMC_ClearITPendingBit
 .text          0x080076e8      0x48c libstm32f4xxspd.a(stm32f4xx_gpio.o)
                0x080076e8                GPIO_DeInit
                0x08007808                GPIO_Init
                0x08007924                GPIO_StructInit
                0x08007958                GPIO_PinLockConfig
                0x0800799c                GPIO_ReadInputDataBit
                0x080079d0                GPIO_ReadInputData
                0x080079ec                GPIO_ReadOutputDataBit
                0x08007a20                GPIO_ReadOutputData
                0x08007a3c                GPIO_SetBits
                0x08007a58                GPIO_ResetBits
                0x08007a74                GPIO_WriteBit
                0x08007aa4                GPIO_Write
                0x08007ac0                GPIO_ToggleBits
                0x08007ae4                GPIO_PinAFConfig
 .text          0x08007b74      0x988 libstm32f4xxspd.a(stm32f4xx_i2c.o)
                0x08007b74                I2C_DeInit
                0x08007be8                I2C_Init
                0x08007d6c                I2C_StructInit
                0x08007da8                I2C_Cmd
                0x08007de8                I2C_GenerateSTART
                0x08007e28                I2C_GenerateSTOP
                0x08007e68                I2C_Send7bitAddress
                0x08007ea4                I2C_AcknowledgeConfig
                0x08007ee4                I2C_OwnAddress2Config
                0x08007f24                I2C_DualAddressCmd
                0x08007f64                I2C_GeneralCallCmd
                0x08007fa4                I2C_SoftwareResetCmd
                0x08007fe8                I2C_StretchClockCmd
                0x08008028                I2C_FastModeDutyCycleConfig
                0x08008068                I2C_NACKPositionConfig
                0x080080a8                I2C_SMBusAlertConfig
                0x080080e8                I2C_ARPCmd
                0x08008128                I2C_SendData
                0x08008148                I2C_ReceiveData
                0x08008164                I2C_TransmitPEC
                0x080081a4                I2C_PECPositionConfig
                0x080081e4                I2C_CalculatePEC
                0x08008224                I2C_GetPEC
                0x08008244                I2C_DMACmd
                0x08008284                I2C_DMALastTransferCmd
                0x080082c4                I2C_ReadRegister
                0x080082f4                I2C_ITConfig
                0x0800833c                I2C_CheckEvent
                0x0800839c                I2C_GetLastEvent
                0x080083e0                I2C_GetFlagStatus
                0x08008448                I2C_ClearFlag
                0x08008474                I2C_GetITStatus
                0x080084d0                I2C_ClearITPendingBit
 .text          0x080084fc      0xa80 libstm32f4xxspd.a(stm32f4xx_rcc.o)
                0x080084fc                RCC_DeInit
                0x0800854c                RCC_HSEConfig
                0x08008570                RCC_WaitForHSEStartUp
                0x080085c0                RCC_AdjustHSICalibrationValue
                0x080085fc                RCC_HSICmd
                0x0800861c                RCC_LSEConfig
                0x0800865c                RCC_LSICmd
                0x0800867c                RCC_PLLConfig
                0x080086b8                RCC_PLLCmd
                0x080086d8                RCC_PLLI2SConfig
                0x08008700                RCC_PLLI2SCmd
                0x08008720                RCC_ClockSecuritySystemCmd
                0x08008740                RCC_MCO1Config
                0x0800877c                RCC_MCO2Config
                0x080087b8                RCC_SYSCLKConfig
                0x080087f0                RCC_GetSYSCLKSource
                0x08008810                RCC_HCLKConfig
                0x08008848                RCC_PCLK1Config
                0x08008880                RCC_PCLK2Config
                0x080088b8                RCC_GetClocksFreq
                0x08008a0c                RCC_RTCCLKConfig
                0x08008a68                RCC_RTCCLKCmd
                0x08008a88                RCC_BackupResetCmd
                0x08008aa8                RCC_I2SCLKConfig
                0x08008ac4                RCC_AHB1PeriphClockCmd
                0x08008b00                RCC_AHB2PeriphClockCmd
                0x08008b3c                RCC_AHB3PeriphClockCmd
                0x08008b78                RCC_APB1PeriphClockCmd
                0x08008bb4                RCC_APB2PeriphClockCmd
                0x08008bf0                RCC_AHB1PeriphResetCmd
                0x08008c2c                RCC_AHB2PeriphResetCmd
                0x08008c68                RCC_AHB3PeriphResetCmd
                0x08008ca4                RCC_APB1PeriphResetCmd
                0x08008ce0                RCC_APB2PeriphResetCmd
                0x08008d1c                RCC_AHB1PeriphClockLPModeCmd
                0x08008d58                RCC_AHB2PeriphClockLPModeCmd
                0x08008d94                RCC_AHB3PeriphClockLPModeCmd
                0x08008dd0                RCC_APB1PeriphClockLPModeCmd
                0x08008e0c                RCC_APB2PeriphClockLPModeCmd
                0x08008e48                RCC_ITConfig
                0x08008e94                RCC_GetFlagStatus
                0x08008f08                RCC_ClearFlag
                0x08008f24                RCC_GetITStatus
                0x08008f5c                RCC_ClearITPendingBit
 .text          0x08008f7c      0x370 c:/progra~2/gnutoo~1/4195f~1.920/bin/../lib/gcc/arm-none-eabi/4.9.3/armv7e-m\libgcc.a(_arm_addsubdf3.o)
                0x08008f7c                __aeabi_drsub
                0x08008f84                __aeabi_dsub
                0x08008f84                __subdf3
                0x08008f88                __aeabi_dadd
                0x08008f88                __adddf3
                0x08009200                __floatunsidf
                0x08009200                __aeabi_ui2d
                0x08009220                __floatsidf
                0x08009220                __aeabi_i2d
                0x08009244                __aeabi_f2d
                0x08009244                __extendsfdf2
                0x08009280                __floatundidf
                0x08009280                __aeabi_ul2d
                0x08009290                __floatdidf
                0x08009290                __aeabi_l2d
 .text          0x080092ec      0x424 c:/progra~2/gnutoo~1/4195f~1.920/bin/../lib/gcc/arm-none-eabi/4.9.3/armv7e-m\libgcc.a(_arm_muldivdf3.o)
                0x080092ec                __aeabi_dmul
                0x080092ec                __muldf3
                0x08009540                __divdf3
                0x08009540                __aeabi_ddiv
 .text          0x08009710      0x110 c:/progra~2/gnutoo~1/4195f~1.920/bin/../lib/gcc/arm-none-eabi/4.9.3/armv7e-m\libgcc.a(_arm_cmpdf2.o)
                0x08009710                __gtdf2
                0x08009710                __gedf2
                0x08009718                __ltdf2
                0x08009718                __ledf2
                0x08009720                __nedf2
                0x08009720                __eqdf2
                0x08009720                __cmpdf2
                0x0800979c                __aeabi_cdrcmple
                0x080097ac                __aeabi_cdcmpeq
                0x080097ac                __aeabi_cdcmple
                0x080097bc                __aeabi_dcmpeq
                0x080097d0                __aeabi_dcmplt
                0x080097e4                __aeabi_dcmple
                0x080097f8                __aeabi_dcmpge
                0x0800980c                __aeabi_dcmpgt
 .text          0x08009820       0x50 c:/progra~2/gnutoo~1/4195f~1.920/bin/../lib/gcc/arm-none-eabi/4.9.3/armv7e-m\libgcc.a(_arm_fixdfsi.o)
                0x08009820                __aeabi_d2iz
                0x08009820                __fixdfsi
 .text          0x08009870      0x21c c:/progra~2/gnutoo~1/4195f~1.920/bin/../lib/gcc/arm-none-eabi/4.9.3/armv7e-m\libgcc.a(_arm_addsubsf3.o)
                0x08009870                __aeabi_frsub
                0x08009878                __subsf3
                0x08009878                __aeabi_fsub
                0x0800987c                __aeabi_fadd
                0x0800987c                __addsf3
                0x080099dc                __aeabi_ui2f
                0x080099dc                __floatunsisf
                0x080099e4                __aeabi_i2f
                0x080099e4                __floatsisf
                0x08009a00                __aeabi_ul2f
                0x08009a00                __floatundisf
                0x08009a10                __aeabi_l2f
                0x08009a10                __floatdisf
 .text          0x08009a8c      0x2a0 c:/progra~2/gnutoo~1/4195f~1.920/bin/../lib/gcc/arm-none-eabi/4.9.3/armv7e-m\libgcc.a(_arm_muldivsf3.o)
                0x08009a8c                __mulsf3
                0x08009a8c                __aeabi_fmul
                0x08009bf4                __aeabi_fdiv
                0x08009bf4                __divsf3
 .text          0x08009d2c       0x4c c:/progra~2/gnutoo~1/4195f~1.920/bin/../lib/gcc/arm-none-eabi/4.9.3/armv7e-m\libgcc.a(_arm_fixsfsi.o)
                0x08009d2c                __aeabi_f2iz
                0x08009d2c                __fixsfsi
 .text          0x08009d78       0x40 c:/progra~2/gnutoo~1/4195f~1.920/bin/../lib/gcc/arm-none-eabi/4.9.3/armv7e-m\libgcc.a(_arm_fixunssfsi.o)
                0x08009d78                __fixunssfsi
                0x08009d78                __aeabi_f2uiz
 .text          0x08009db8        0x0 C:\PROGRA~2\GNUTOO~1\4195F~1.920\arm-none-eabi\lib\thumb\libc.a(lib_a-exit.o)
 .text.exit     0x08009db8       0x28 C:\PROGRA~2\GNUTOO~1\4195F~1.920\arm-none-eabi\lib\thumb\libc.a(lib_a-exit.o)
                0x08009db8                exit
 .text          0x08009de0        0x0 C:\PROGRA~2\GNUTOO~1\4195F~1.920\arm-none-eabi\lib\thumb\libc.a(lib_a-impure.o)
 .text          0x08009de0        0x0 C:\PROGRA~2\GNUTOO~1\4195F~1.920\arm-none-eabi\lib\thumb\libc.a(lib_a-init.o)
 .text.__libc_init_array
                0x08009de0       0x58 C:\PROGRA~2\GNUTOO~1\4195F~1.920\arm-none-eabi\lib\thumb\libc.a(lib_a-init.o)
                0x08009de0                __libc_init_array
 .text          0x08009e38        0x0 C:\PROGRA~2\GNUTOO~1\4195F~1.920\arm-none-eabi\lib\thumb\libc.a(lib_a-memset.o)
 .text.memset   0x08009e38       0x94 C:\PROGRA~2\GNUTOO~1\4195F~1.920\arm-none-eabi\lib\thumb\libc.a(lib_a-memset.o)
                0x08009e38                memset
 .text          0x08009ecc        0x0 C:\PROGRA~2\GNUTOO~1\4195F~1.920\arm-none-eabi\lib\thumb\libc.a(lib_a-sprintf.o)
 .text._sprintf_r
                0x08009ecc       0x40 C:\PROGRA~2\GNUTOO~1\4195F~1.920\arm-none-eabi\lib\thumb\libc.a(lib_a-sprintf.o)
                0x08009ecc                _sprintf_r
 .text.sprintf  0x08009f0c       0x44 C:\PROGRA~2\GNUTOO~1\4195F~1.920\arm-none-eabi\lib\thumb\libc.a(lib_a-sprintf.o)
                0x08009f0c                sprintf
 .text          0x08009f50        0x0 C:\PROGRA~2\GNUTOO~1\4195F~1.920\arm-none-eabi\lib\thumb\libc.a(lib_a-svfprintf.o)
 .text._svfprintf_r
                0x08009f50     0x147c C:\PROGRA~2\GNUTOO~1\4195F~1.920\arm-none-eabi\lib\thumb\libc.a(lib_a-svfprintf.o)
                0x08009f50                _svfprintf_r
 .text          0x0800b3cc        0x0 C:\PROGRA~2\GNUTOO~1\4195F~1.920\arm-none-eabi\lib\thumb\libc.a(lib_a-__call_atexit.o)
 .text.startup.register_fini
                0x0800b3cc       0x1c C:\PROGRA~2\GNUTOO~1\4195F~1.920\arm-none-eabi\lib\thumb\libc.a(lib_a-__call_atexit.o)
 .text.__call_exitprocs
                0x0800b3e8      0x118 C:\PROGRA~2\GNUTOO~1\4195F~1.920\arm-none-eabi\lib\thumb\libc.a(lib_a-__call_atexit.o)
                0x0800b3e8                __call_exitprocs
 .text          0x0800b500        0x0 C:\PROGRA~2\GNUTOO~1\4195F~1.920\arm-none-eabi\lib\thumb\libc.a(lib_a-atexit.o)
 .text.atexit   0x0800b500       0x14 C:\PROGRA~2\GNUTOO~1\4195F~1.920\arm-none-eabi\lib\thumb\libc.a(lib_a-atexit.o)
                0x0800b500                atexit
 .text          0x0800b514        0x0 C:\PROGRA~2\GNUTOO~1\4195F~1.920\arm-none-eabi\lib\thumb\libc.a(lib_a-dtoa.o)
 .text.quorem   0x0800b514      0x160 C:\PROGRA~2\GNUTOO~1\4195F~1.920\arm-none-eabi\lib\thumb\libc.a(lib_a-dtoa.o)
 .text._dtoa_r  0x0800b674     0x102c C:\PROGRA~2\GNUTOO~1\4195F~1.920\arm-none-eabi\lib\thumb\libc.a(lib_a-dtoa.o)
                0x0800b674                _dtoa_r
 .text          0x0800c6a0        0x0 C:\PROGRA~2\GNUTOO~1\4195F~1.920\arm-none-eabi\lib\thumb\libc.a(lib_a-fini.o)
 .text.__libc_fini_array
                0x0800c6a0       0x3c C:\PROGRA~2\GNUTOO~1\4195F~1.920\arm-none-eabi\lib\thumb\libc.a(lib_a-fini.o)
                0x0800c6a0                __libc_fini_array
 .text          0x0800c6dc        0x0 C:\PROGRA~2\GNUTOO~1\4195F~1.920\arm-none-eabi\lib\thumb\libc.a(lib_a-locale.o)
 .text._setlocale_r
                0x0800c6dc       0x48 C:\PROGRA~2\GNUTOO~1\4195F~1.920\arm-none-eabi\lib\thumb\libc.a(lib_a-locale.o)
                0x0800c6dc                _setlocale_r
 .text.__locale_charset
                0x0800c724        0x8 C:\PROGRA~2\GNUTOO~1\4195F~1.920\arm-none-eabi\lib\thumb\libc.a(lib_a-locale.o)
                0x0800c724                __locale_charset
 .text.__locale_mb_cur_max
                0x0800c72c        0xc C:\PROGRA~2\GNUTOO~1\4195F~1.920\arm-none-eabi\lib\thumb\libc.a(lib_a-locale.o)
                0x0800c72c                __locale_mb_cur_max
 .text.__locale_msgcharset
                0x0800c738        0x8 C:\PROGRA~2\GNUTOO~1\4195F~1.920\arm-none-eabi\lib\thumb\libc.a(lib_a-locale.o)
                0x0800c738                __locale_msgcharset
 .text.__locale_cjk_lang
                0x0800c740        0x4 C:\PROGRA~2\GNUTOO~1\4195F~1.920\arm-none-eabi\lib\thumb\libc.a(lib_a-locale.o)
                0x0800c740                __locale_cjk_lang
 .text._localeconv_r
                0x0800c744        0x8 C:\PROGRA~2\GNUTOO~1\4195F~1.920\arm-none-eabi\lib\thumb\libc.a(lib_a-locale.o)
                0x0800c744                _localeconv_r
 .text.setlocale
                0x0800c74c       0x1c C:\PROGRA~2\GNUTOO~1\4195F~1.920\arm-none-eabi\lib\thumb\libc.a(lib_a-locale.o)
                0x0800c74c                setlocale
 .text.localeconv
                0x0800c768        0x8 C:\PROGRA~2\GNUTOO~1\4195F~1.920\arm-none-eabi\lib\thumb\libc.a(lib_a-locale.o)
                0x0800c768                localeconv
 .text          0x0800c770        0x0 C:\PROGRA~2\GNUTOO~1\4195F~1.920\arm-none-eabi\lib\thumb\libc.a(lib_a-mallocr.o)
 .text._malloc_r
                0x0800c770      0x54c C:\PROGRA~2\GNUTOO~1\4195F~1.920\arm-none-eabi\lib\thumb\libc.a(lib_a-mallocr.o)
                0x0800c770                _malloc_r
 .text          0x0800ccbc        0x0 C:\PROGRA~2\GNUTOO~1\4195F~1.920\arm-none-eabi\lib\thumb\libc.a(lib_a-memchr.o)
 .text.memchr   0x0800ccbc       0x8c C:\PROGRA~2\GNUTOO~1\4195F~1.920\arm-none-eabi\lib\thumb\libc.a(lib_a-memchr.o)
                0x0800ccbc                memchr
 .text          0x0800cd48        0x0 C:\PROGRA~2\GNUTOO~1\4195F~1.920\arm-none-eabi\lib\thumb\libc.a(lib_a-memcpy.o)
 .text.memcpy   0x0800cd48       0x80 C:\PROGRA~2\GNUTOO~1\4195F~1.920\arm-none-eabi\lib\thumb\libc.a(lib_a-memcpy.o)
                0x0800cd48                memcpy
 .text          0x0800cdc8        0x0 C:\PROGRA~2\GNUTOO~1\4195F~1.920\arm-none-eabi\lib\thumb\libc.a(lib_a-mlock.o)
 .text.__malloc_lock
                0x0800cdc8        0x4 C:\PROGRA~2\GNUTOO~1\4195F~1.920\arm-none-eabi\lib\thumb\libc.a(lib_a-mlock.o)
                0x0800cdc8                __malloc_lock
 .text.__malloc_unlock
                0x0800cdcc        0x4 C:\PROGRA~2\GNUTOO~1\4195F~1.920\arm-none-eabi\lib\thumb\libc.a(lib_a-mlock.o)
                0x0800cdcc                __malloc_unlock
 .text          0x0800cdd0        0x0 C:\PROGRA~2\GNUTOO~1\4195F~1.920\arm-none-eabi\lib\thumb\libc.a(lib_a-mprec.o)
 .text._Balloc  0x0800cdd0       0x54 C:\PROGRA~2\GNUTOO~1\4195F~1.920\arm-none-eabi\lib\thumb\libc.a(lib_a-mprec.o)
                0x0800cdd0                _Balloc
 .text._Bfree   0x0800ce24       0x14 C:\PROGRA~2\GNUTOO~1\4195F~1.920\arm-none-eabi\lib\thumb\libc.a(lib_a-mprec.o)
                0x0800ce24                _Bfree
 .text.__multadd
                0x0800ce38       0x98 C:\PROGRA~2\GNUTOO~1\4195F~1.920\arm-none-eabi\lib\thumb\libc.a(lib_a-mprec.o)
                0x0800ce38                __multadd
 .text.__s2b    0x0800ced0       0x98 C:\PROGRA~2\GNUTOO~1\4195F~1.920\arm-none-eabi\lib\thumb\libc.a(lib_a-mprec.o)
                0x0800ced0                __s2b
 .text.__hi0bits
                0x0800cf68       0x3c C:\PROGRA~2\GNUTOO~1\4195F~1.920\arm-none-eabi\lib\thumb\libc.a(lib_a-mprec.o)
                0x0800cf68                __hi0bits
 .text.__lo0bits
                0x0800cfa4       0x5c C:\PROGRA~2\GNUTOO~1\4195F~1.920\arm-none-eabi\lib\thumb\libc.a(lib_a-mprec.o)
                0x0800cfa4                __lo0bits
 .text.__i2b    0x0800d000       0x18 C:\PROGRA~2\GNUTOO~1\4195F~1.920\arm-none-eabi\lib\thumb\libc.a(lib_a-mprec.o)
                0x0800d000                __i2b
 .text.__multiply
                0x0800d018      0x170 C:\PROGRA~2\GNUTOO~1\4195F~1.920\arm-none-eabi\lib\thumb\libc.a(lib_a-mprec.o)
                0x0800d018                __multiply
 .text.__pow5mult
                0x0800d188       0xc0 C:\PROGRA~2\GNUTOO~1\4195F~1.920\arm-none-eabi\lib\thumb\libc.a(lib_a-mprec.o)
                0x0800d188                __pow5mult
 .text.__lshift
                0x0800d248       0xd0 C:\PROGRA~2\GNUTOO~1\4195F~1.920\arm-none-eabi\lib\thumb\libc.a(lib_a-mprec.o)
                0x0800d248                __lshift
 .text.__mcmp   0x0800d318       0x3c C:\PROGRA~2\GNUTOO~1\4195F~1.920\arm-none-eabi\lib\thumb\libc.a(lib_a-mprec.o)
                0x0800d318                __mcmp
 .text.__mdiff  0x0800d354       0xf0 C:\PROGRA~2\GNUTOO~1\4195F~1.920\arm-none-eabi\lib\thumb\libc.a(lib_a-mprec.o)
                0x0800d354                __mdiff
 .text.__ulp    0x0800d444       0x4c C:\PROGRA~2\GNUTOO~1\4195F~1.920\arm-none-eabi\lib\thumb\libc.a(lib_a-mprec.o)
                0x0800d444                __ulp
 .text.__b2d    0x0800d490       0xe0 C:\PROGRA~2\GNUTOO~1\4195F~1.920\arm-none-eabi\lib\thumb\libc.a(lib_a-mprec.o)
                0x0800d490                __b2d
 .text.__d2b    0x0800d570       0xc0 C:\PROGRA~2\GNUTOO~1\4195F~1.920\arm-none-eabi\lib\thumb\libc.a(lib_a-mprec.o)
                0x0800d570                __d2b
 .text.__ratio  0x0800d630       0x74 C:\PROGRA~2\GNUTOO~1\4195F~1.920\arm-none-eabi\lib\thumb\libc.a(lib_a-mprec.o)
                0x0800d630                __ratio
 .text._mprec_log10
                0x0800d6a4       0x38 C:\PROGRA~2\GNUTOO~1\4195F~1.920\arm-none-eabi\lib\thumb\libc.a(lib_a-mprec.o)
                0x0800d6a4                _mprec_log10
 .text.__copybits
                0x0800d6dc       0x44 C:\PROGRA~2\GNUTOO~1\4195F~1.920\arm-none-eabi\lib\thumb\libc.a(lib_a-mprec.o)
                0x0800d6dc                __copybits
 .text.__any_on
                0x0800d720       0x64 C:\PROGRA~2\GNUTOO~1\4195F~1.920\arm-none-eabi\lib\thumb\libc.a(lib_a-mprec.o)
                0x0800d720                __any_on
 .text          0x0800d784        0x0 C:\PROGRA~2\GNUTOO~1\4195F~1.920\arm-none-eabi\lib\thumb\libc.a(lib_a-s_fpclassify.o)
 .text.__fpclassifyd
                0x0800d784       0x5c C:\PROGRA~2\GNUTOO~1\4195F~1.920\arm-none-eabi\lib\thumb\libc.a(lib_a-s_fpclassify.o)
                0x0800d784                __fpclassifyd
 .text          0x0800d7e0        0x0 C:\PROGRA~2\GNUTOO~1\4195F~1.920\arm-none-eabi\lib\thumb\libc.a(lib_a-sbrkr.o)
 .text._sbrk_r  0x0800d7e0       0x28 C:\PROGRA~2\GNUTOO~1\4195F~1.920\arm-none-eabi\lib\thumb\libc.a(lib_a-sbrkr.o)
                0x0800d7e0                _sbrk_r
 .text          0x0800d808      0x224 C:\PROGRA~2\GNUTOO~1\4195F~1.920\arm-none-eabi\lib\thumb\libc.a(lib_a-strcmp.o)
                0x0800d808                strcmp
 .text          0x0800da2c        0x0 C:\PROGRA~2\GNUTOO~1\4195F~1.920\arm-none-eabi\lib\thumb\libc.a(lib_a-strlen.o)
 .text.strlen   0x0800da2c       0x6c C:\PROGRA~2\GNUTOO~1\4195F~1.920\arm-none-eabi\lib\thumb\libc.a(lib_a-strlen.o)
                0x0800da2c                strlen
 .text          0x0800da98        0x0 C:\PROGRA~2\GNUTOO~1\4195F~1.920\arm-none-eabi\lib\thumb\libc.a(lib_a-svfiprintf.o)
 .text.__ssprint_r
                0x0800da98      0x134 C:\PROGRA~2\GNUTOO~1\4195F~1.920\arm-none-eabi\lib\thumb\libc.a(lib_a-svfiprintf.o)
                0x0800da98                __ssprint_r
 .text._svfiprintf_r
                0x0800dbcc      0x9d8 C:\PROGRA~2\GNUTOO~1\4195F~1.920\arm-none-eabi\lib\thumb\libc.a(lib_a-svfiprintf.o)
                0x0800dbcc                _svfiprintf_r
 .text          0x0800e5a4        0x0 C:\PROGRA~2\GNUTOO~1\4195F~1.920\arm-none-eabi\lib\thumb\libc.a(lib_a-__atexit.o)
 .text.__register_exitproc
                0x0800e5a4       0xd8 C:\PROGRA~2\GNUTOO~1\4195F~1.920\arm-none-eabi\lib\thumb\libc.a(lib_a-__atexit.o)
                0x0800e5a4                __register_exitproc
 .text          0x0800e67c        0x0 C:\PROGRA~2\GNUTOO~1\4195F~1.920\arm-none-eabi\lib\thumb\libc.a(lib_a-callocr.o)
 .text._calloc_r
                0x0800e67c       0x64 C:\PROGRA~2\GNUTOO~1\4195F~1.920\arm-none-eabi\lib\thumb\libc.a(lib_a-callocr.o)
                0x0800e67c                _calloc_r
 .text          0x0800e6e0        0x0 C:\PROGRA~2\GNUTOO~1\4195F~1.920\arm-none-eabi\lib\thumb\libc.a(lib_a-freer.o)
 .text._malloc_trim_r
                0x0800e6e0       0xa4 C:\PROGRA~2\GNUTOO~1\4195F~1.920\arm-none-eabi\lib\thumb\libc.a(lib_a-freer.o)
                0x0800e6e0                _malloc_trim_r
 .text._free_r  0x0800e784      0x1b4 C:\PROGRA~2\GNUTOO~1\4195F~1.920\arm-none-eabi\lib\thumb\libc.a(lib_a-freer.o)
                0x0800e784                _free_r
 .text          0x0800e938        0x0 C:\PROGRA~2\GNUTOO~1\4195F~1.920\arm-none-eabi\lib\thumb\libc.a(lib_a-memmove.o)
 .text.memmove  0x0800e938       0x9c C:\PROGRA~2\GNUTOO~1\4195F~1.920\arm-none-eabi\lib\thumb\libc.a(lib_a-memmove.o)
                0x0800e938                memmove
 .text          0x0800e9d4        0x0 C:\PROGRA~2\GNUTOO~1\4195F~1.920\arm-none-eabi\lib\thumb\libc.a(lib_a-reallocr.o)
 .text._realloc_r
                0x0800e9d4      0x3dc C:\PROGRA~2\GNUTOO~1\4195F~1.920\arm-none-eabi\lib\thumb\libc.a(lib_a-reallocr.o)
                0x0800e9d4                _realloc_r
 .text          0x0800edb0        0x0 C:\PROGRA~2\GNUTOO~1\4195F~1.920\arm-none-eabi\lib\thumb\libc.a(lib_a-reent.o)
 .text.cleanup_glue
                0x0800edb0       0x20 C:\PROGRA~2\GNUTOO~1\4195F~1.920\arm-none-eabi\lib\thumb\libc.a(lib_a-reent.o)
                0x0800edb0                cleanup_glue
 .text._reclaim_reent
                0x0800edd0       0xa0 C:\PROGRA~2\GNUTOO~1\4195F~1.920\arm-none-eabi\lib\thumb\libc.a(lib_a-reent.o)
                0x0800edd0                _reclaim_reent
 .text          0x0800ee70        0x0 C:\PROGRA~2\GNUTOO~1\4195F~1.920\arm-none-eabi\lib\thumb\libnosys.a(sbrk.o)
 .text._sbrk    0x0800ee70       0x1c C:\PROGRA~2\GNUTOO~1\4195F~1.920\arm-none-eabi\lib\thumb\libnosys.a(sbrk.o)
                0x0800ee70                _sbrk
 .text          0x0800ee8c       0x24 c:/progra~2/gnutoo~1/4195f~1.920/bin/../lib/gcc/arm-none-eabi/4.9.3/armv7e-m\libgcc.a(_udivsi3.o)
                0x0800ee8c                __aeabi_uidiv
                0x0800ee8c                __udivsi3
                0x0800eea0                __aeabi_uidivmod
 .text          0x0800eeb0       0x2c c:/progra~2/gnutoo~1/4195f~1.920/bin/../lib/gcc/arm-none-eabi/4.9.3/armv7e-m\libgcc.a(_divsi3.o)
                0x0800eeb0                __divsi3
                0x0800eeb0                __aeabi_idiv
                0x0800eecc                __aeabi_idivmod
 .text          0x0800eedc        0x4 c:/progra~2/gnutoo~1/4195f~1.920/bin/../lib/gcc/arm-none-eabi/4.9.3/armv7e-m\libgcc.a(_dvmd_tls.o)
                0x0800eedc                __aeabi_idiv0
                0x0800eedc                __aeabi_ldiv0
 .text          0x0800eee0       0x30 c:/progra~2/gnutoo~1/4195f~1.920/bin/../lib/gcc/arm-none-eabi/4.9.3/armv7e-m\libgcc.a(_aeabi_uldivmod.o)
                0x0800eee0                __aeabi_uldivmod
 .text          0x0800ef10       0x60 c:/progra~2/gnutoo~1/4195f~1.920/bin/../lib/gcc/arm-none-eabi/4.9.3/armv7e-m\libgcc.a(bpabi.o)
                0x0800ef10                __gnu_ldivmod_helper
                0x0800ef40                __gnu_uldivmod_helper
 .text          0x0800ef70      0x29c c:/progra~2/gnutoo~1/4195f~1.920/bin/../lib/gcc/arm-none-eabi/4.9.3/armv7e-m\libgcc.a(_divdi3.o)
                0x0800ef70                __divdi3
 .text          0x0800f20c      0x26c c:/progra~2/gnutoo~1/4195f~1.920/bin/../lib/gcc/arm-none-eabi/4.9.3/armv7e-m\libgcc.a(_udivdi3.o)
                0x0800f20c                __udivdi3
 .text          0x0800f478        0x0 c:/progra~2/gnutoo~1/4195f~1.920/bin/../lib/gcc/arm-none-eabi/4.9.3/armv7e-m/crtend.o
 .text          0x0800f478        0x0 c:/progra~2/gnutoo~1/4195f~1.920/bin/../lib/gcc/arm-none-eabi/4.9.3/armv7e-m/crtn.o
 *(.init)
 .init          0x0800f478        0x4 c:/progra~2/gnutoo~1/4195f~1.920/bin/../lib/gcc/arm-none-eabi/4.9.3/armv7e-m/crti.o
                0x0800f478                _init
 .init          0x0800f47c        0x8 c:/progra~2/gnutoo~1/4195f~1.920/bin/../lib/gcc/arm-none-eabi/4.9.3/armv7e-m/crtn.o
 *(.fini)
 .fini          0x0800f484        0x4 c:/progra~2/gnutoo~1/4195f~1.920/bin/../lib/gcc/arm-none-eabi/4.9.3/armv7e-m/crti.o
                0x0800f484                _fini
 .fini          0x0800f488        0x8 c:/progra~2/gnutoo~1/4195f~1.920/bin/../lib/gcc/arm-none-eabi/4.9.3/armv7e-m/crtn.o
 *crtbegin.o(.ctors)
 *crtbegin.o(.ctors)
 *crtbegin?.o(.ctors)
 *(EXCLUDE_FILE(*crtend.o *crtend?.o) .ctors)
 *(SORT(.ctors.*))
 *(.ctors)
 *crtbegin.o(.dtors)
 *crtbegin?.o(.dtors)
 *(EXCLUDE_FILE(*crtend.o *crtend?.o) .dtors)
 *(SORT(.dtors.*))
 *(.dtors)
 *(.rodata*)
 .rodata        0x0800f490      0x140 obj/WidgetConfig.o
                0x0800f490                MyWatchScr
 .rodata        0x0800f5d0       0x26 obj/code.o
 *fill*         0x0800f5f6        0x2 
 .rodata        0x0800f5f8       0x15 obj/debug.o
 *fill*         0x0800f60d        0x3 
 .rodata        0x0800f610       0x70 obj/eecfg.o
                0x0800f614                EE_hal_thread_body
                0x0800f61c                EE_terminate_real_th_body
                0x0800f624                EE_th_ready_prio
                0x0800f62c                EE_th_dispatch_prio
                0x0800f634                EE_counter_ROM
                0x0800f640                EE_alarm_ROM
                0x0800f648                EE_oo_counter_object_ROM
                0x0800f660                EE_oo_action_ROM
 .rodata        0x0800f680    0x3b46e obj/pictures.o
                0x0800f680                ImageBuffer
                0x08034eb8                iconalarm_off
                0x08036b10                iconalarm_on
                0x08038768                iconswatch_off
                0x0803a3c0                iconswatch_on
                0x0803c018                icontimer_off
                0x0803dc70                icontime_off
                0x0803f8c8                icontime_on
                0x08041520                icontimer_on
                0x08043178                iconstart
                0x08044470                iconstop
                0x08045768                wakeup
                0x080469a0                cleaner
                0x08047bd8                cleaner_txt
 *fill*         0x0804aaee        0x2 
 .rodata        0x0804aaf0        0x4 libee.a(ee_hal_structs.o)
 .rodata        0x0804aaf4        0x4 libee.a(ee_utils.o)
 .rodata        0x0804aaf8        0x4 libee.a(ee_irqendin.o)
 .rodata        0x0804aafc        0x4 libee.a(ee_tstub.o)
 .rodata        0x0804ab00        0x4 libee.a(ee_lookup.o)
 .rodata        0x0804ab04        0x4 libee.a(ee_rq_exchg.o)
 .rodata        0x0804ab08        0x4 libee.a(ee_alsetrel.o)
 .rodata        0x0804ab0c        0x4 libee.a(ee_altick.o)
 .rodata        0x0804ab10        0x4 libee.a(ee_context.o)
 .rodata        0x0804ab14        0x4 libee.a(ee_tnterm.o)
 .rodata        0x0804ab18        0x4 libee.a(ee_rq_inser.o)
 .rodata        0x0804ab1c        0x4 libee.a(ee_context.o)
 .rodata        0x0804ab20        0x4 libee.a(ee_thendin.o)
 .rodata        0x0804ab24     0x29d0 libstm32f4discovery.a(stm32f4_discovery_lcd.o)
                0x0804ab24                ASCII16x24_Table
                0x0804bcf4                ASCII12x12_Table
                0x0804c5f4                ASCII8x12_Table
                0x0804cef4                ASCII8x8_Table
 .rodata.str1.4
                0x0804d4f4        0x2 C:\PROGRA~2\GNUTOO~1\4195F~1.920\arm-none-eabi\lib\thumb\libc.a(lib_a-impure.o)
 *fill*         0x0804d4f6        0x2 
 .rodata._global_impure_ptr
                0x0804d4f8        0x4 C:\PROGRA~2\GNUTOO~1\4195F~1.920\arm-none-eabi\lib\thumb\libc.a(lib_a-impure.o)
                0x0804d4f8                _global_impure_ptr
 .rodata._svfprintf_r
                0x0804d4fc      0x164 C:\PROGRA~2\GNUTOO~1\4195F~1.920\arm-none-eabi\lib\thumb\libc.a(lib_a-svfprintf.o)
 .rodata.zeroes.6911
                0x0804d660       0x10 C:\PROGRA~2\GNUTOO~1\4195F~1.920\arm-none-eabi\lib\thumb\libc.a(lib_a-svfprintf.o)
 .rodata.blanks.6910
                0x0804d670       0x10 C:\PROGRA~2\GNUTOO~1\4195F~1.920\arm-none-eabi\lib\thumb\libc.a(lib_a-svfprintf.o)
 .rodata.str1.4
                0x0804d680       0x42 C:\PROGRA~2\GNUTOO~1\4195F~1.920\arm-none-eabi\lib\thumb\libc.a(lib_a-svfprintf.o)
 *fill*         0x0804d6c2        0x2 
 .rodata.str1.4
                0x0804d6c4       0x10 C:\PROGRA~2\GNUTOO~1\4195F~1.920\arm-none-eabi\lib\thumb\libc.a(lib_a-dtoa.o)
                                 0x12 (size before relaxing)
 .rodata.str1.4
                0x0804d6d4        0xc C:\PROGRA~2\GNUTOO~1\4195F~1.920\arm-none-eabi\lib\thumb\libc.a(lib_a-locale.o)
                                 0x12 (size before relaxing)
 .rodata.__mprec_tens
                0x0804d6e0       0xc8 C:\PROGRA~2\GNUTOO~1\4195F~1.920\arm-none-eabi\lib\thumb\libc.a(lib_a-mprec.o)
                0x0804d6e0                __mprec_tens
 .rodata.p05.5302
                0x0804d7a8        0xc C:\PROGRA~2\GNUTOO~1\4195F~1.920\arm-none-eabi\lib\thumb\libc.a(lib_a-mprec.o)
 *fill*         0x0804d7b4        0x4 
 .rodata.__mprec_bigtens
                0x0804d7b8       0x28 C:\PROGRA~2\GNUTOO~1\4195F~1.920\arm-none-eabi\lib\thumb\libc.a(lib_a-mprec.o)
                0x0804d7b8                __mprec_bigtens
 .rodata.__mprec_tinytens
                0x0804d7e0       0x28 C:\PROGRA~2\GNUTOO~1\4195F~1.920\arm-none-eabi\lib\thumb\libc.a(lib_a-mprec.o)
                0x0804d7e0                __mprec_tinytens
 .rodata._svfiprintf_r
                0x0804d808      0x164 C:\PROGRA~2\GNUTOO~1\4195F~1.920\arm-none-eabi\lib\thumb\libc.a(lib_a-svfiprintf.o)
 .rodata.blanks.6854
                0x0804d96c       0x10 C:\PROGRA~2\GNUTOO~1\4195F~1.920\arm-none-eabi\lib\thumb\libc.a(lib_a-svfiprintf.o)
 .rodata.str1.4
                0x00000000       0x2f C:\PROGRA~2\GNUTOO~1\4195F~1.920\arm-none-eabi\lib\thumb\libc.a(lib_a-svfiprintf.o)
 .rodata.zeroes.6855
                0x0804d97c       0x10 C:\PROGRA~2\GNUTOO~1\4195F~1.920\arm-none-eabi\lib\thumb\libc.a(lib_a-svfiprintf.o)
 *(.eh_frame*)
 .eh_frame      0x0804d98c        0x0 c:/progra~2/gnutoo~1/4195f~1.920/bin/../lib/gcc/arm-none-eabi/4.9.3/armv7e-m/crtbegin.o
 .eh_frame      0x0804d98c       0x44 C:\PROGRA~2\GNUTOO~1\4195F~1.920\arm-none-eabi\lib\thumb\libc.a(lib_a-strcmp.o)
 .eh_frame      0x0804d9d0        0x4 c:/progra~2/gnutoo~1/4195f~1.920/bin/../lib/gcc/arm-none-eabi/4.9.3/armv7e-m/crtend.o

.glue_7         0x0804d9d4        0x0
 .glue_7        0x00000000        0x0 linker stubs

.glue_7t        0x0804d9d4        0x0
 .glue_7t       0x00000000        0x0 linker stubs

.vfp11_veneer   0x0804d9d4        0x0
 .vfp11_veneer  0x00000000        0x0 linker stubs

.v4_bx          0x0804d9d4        0x0
 .v4_bx         0x00000000        0x0 linker stubs

.iplt           0x0804d9d4        0x0
 .iplt          0x00000000        0x0 c:/progra~2/gnutoo~1/4195f~1.920/bin/../lib/gcc/arm-none-eabi/4.9.3/armv7e-m/crtbegin.o

.ARM.extab      0x0804d9d4        0x0
 *(.ARM.extab* .gnu.linkonce.armextab.*)
 .ARM.extab     0x0804d9d4        0x0 c:/progra~2/gnutoo~1/4195f~1.920/bin/../lib/gcc/arm-none-eabi/4.9.3/../../../../arm-none-eabi/lib/armv7e-m/crt0.o
 .ARM.extab     0x0804d9d4        0x0 c:/progra~2/gnutoo~1/4195f~1.920/bin/../lib/gcc/arm-none-eabi/4.9.3/armv7e-m\libgcc.a(_divdi3.o)
 .ARM.extab     0x0804d9d4        0x0 c:/progra~2/gnutoo~1/4195f~1.920/bin/../lib/gcc/arm-none-eabi/4.9.3/armv7e-m\libgcc.a(_udivdi3.o)
                0x0804d9d4                __exidx_start = .

.ARM.exidx      0x0804d9d4        0x8
 *(.ARM.exidx* .gnu.linkonce.armexidx.*)
 .ARM.exidx     0x0804d9d4        0x8 c:/progra~2/gnutoo~1/4195f~1.920/bin/../lib/gcc/arm-none-eabi/4.9.3/../../../../arm-none-eabi/lib/armv7e-m/crt0.o
 .ARM.exidx     0x0804d9dc        0x0 c:/progra~2/gnutoo~1/4195f~1.920/bin/../lib/gcc/arm-none-eabi/4.9.3/armv7e-m\libgcc.a(_divdi3.o)
                                  0x8 (size before relaxing)
 .ARM.exidx     0x0804d9dc        0x0 c:/progra~2/gnutoo~1/4195f~1.920/bin/../lib/gcc/arm-none-eabi/4.9.3/armv7e-m\libgcc.a(_udivdi3.o)
                                  0x8 (size before relaxing)
                0x0804d9dc                __exidx_end = .
                0x0804d9dc                __etext = .

.rel.dyn        0x0804d9dc        0x0
 .rel.iplt      0x00000000        0x0 c:/progra~2/gnutoo~1/4195f~1.920/bin/../lib/gcc/arm-none-eabi/4.9.3/armv7e-m/crtbegin.o

.data           0x20000000      0xa18 load address 0x0804d9dc
                0x20000000                __data_start__ = .
 *(vtable)
 *(.data*)
 .data          0x20000000        0x0 c:/progra~2/gnutoo~1/4195f~1.920/bin/../lib/gcc/arm-none-eabi/4.9.3/armv7e-m/crti.o
 .data          0x20000000        0x4 c:/progra~2/gnutoo~1/4195f~1.920/bin/../lib/gcc/arm-none-eabi/4.9.3/armv7e-m/crtbegin.o
                0x20000000                __dso_handle
 .data          0x20000004        0x0 c:/progra~2/gnutoo~1/4195f~1.920/bin/../lib/gcc/arm-none-eabi/4.9.3/../../../../arm-none-eabi/lib/armv7e-m/crt0.o
 .data          0x20000004        0x0 obj/Event.o
 .data          0x20000004        0x4 obj/STMPE811QTR.o
                0x20000004                IOE_TimeOut
 .data          0x20000008        0x0 obj/SWatch.o
 .data          0x20000008       0x14 obj/Touch.o
 .data          0x2000001c        0x0 obj/Widget.o
 .data          0x2000001c       0x80 obj/WidgetConfig.o
                0x2000001c                buttontime
                0x20000028                buttontimer
                0x20000034                buttonalarm
                0x20000040                buttonswatch
                0x2000004c                buttonplus
                0x20000058                buttonminus
                0x20000064                buttonstart
                0x20000070                buttonstop
                0x2000007c                txt
                0x20000084                txt_t
                0x2000008c                backg
                0x20000090                wake_up
                0x20000094                cleaner_t
                0x20000098                cleaner_txt_t
 .data          0x2000009c        0x8 obj/code.o
 .data          0x200000a4        0x0 obj/debug.o
 .data          0x200000a4       0x30 obj/eecfg.o
                0x200000a4                EE_th_status
                0x200000ac                EE_th_next
                0x200000b4                EE_stkfirst
                0x200000b8                EE_th_rnact
                0x200000c0                EE_rq_first
                0x200000c4                EE_th_terminate_nextask
                0x200000cc                EE_counter_RAM
 .data          0x200000d4        0x0 obj/pictures.o
 .data          0x200000d4        0x0 obj/pkg/mcu/st_stm32_stm32f4xx/src/startup_stm32f4xx_gnu.o
 .data          0x200000d4       0x14 obj/pkg/mcu/st_stm32_stm32f4xx/src/system_stm32f4xx.o
                0x200000d4                SystemCoreClock
                0x200000d8                AHBPrescTable
 .data          0x200000e8        0x0 libee.a(ee_hal_structs.o)
 .data          0x200000e8        0x0 libee.a(ee_utils.o)
 .data          0x200000e8        0x0 libee.a(ee_gnu_change_context_isr.o)
 .data          0x200000e8        0x0 libee.a(ee_irqendin.o)
 .data          0x200000e8        0x0 libee.a(ee_tstub.o)
 .data          0x200000e8        0x0 libee.a(ee_lookup.o)
 .data          0x200000e8        0x0 libee.a(ee_rq_exchg.o)
 .data          0x200000e8        0x0 libee.a(ee_alsetrel.o)
 .data          0x200000e8        0x0 libee.a(ee_altick.o)
 .data          0x200000e8        0x0 libee.a(ee_context.o)
 .data          0x200000e8        0x0 libee.a(ee_gnu_oo.o)
 .data          0x200000e8        0x0 libee.a(ee_tnterm.o)
 .data          0x200000e8        0x0 libee.a(ee_rq_inser.o)
 .data          0x200000e8        0x0 libee.a(ee_context.o)
 .data          0x200000e8        0x0 libee.a(ee_thendin.o)
 .data          0x200000e8       0x56 libstm32f4discovery.a(stm32f4_discovery_lcd.o)
                0x200000e8                Font48x72
                0x200000f4                Font32x48
                0x20000100                Font24x36
                0x2000010c                Font16x24
                0x20000118                Font12x12
                0x20000124                Font8x12
                0x20000130                Font8x8
 .data          0x2000013e        0x0 libstm32f4xxspd.a(stm32f4xx_dma.o)
 .data          0x2000013e        0x0 libstm32f4xxspd.a(stm32f4xx_fsmc.o)
 .data          0x2000013e        0x0 libstm32f4xxspd.a(stm32f4xx_gpio.o)
 .data          0x2000013e        0x0 libstm32f4xxspd.a(stm32f4xx_i2c.o)
 *fill*         0x2000013e        0x2 
 .data          0x20000140       0x10 libstm32f4xxspd.a(stm32f4xx_rcc.o)
 .data          0x20000150        0x0 c:/progra~2/gnutoo~1/4195f~1.920/bin/../lib/gcc/arm-none-eabi/4.9.3/armv7e-m\libgcc.a(_arm_addsubdf3.o)
 .data          0x20000150        0x0 c:/progra~2/gnutoo~1/4195f~1.920/bin/../lib/gcc/arm-none-eabi/4.9.3/armv7e-m\libgcc.a(_arm_muldivdf3.o)
 .data          0x20000150        0x0 c:/progra~2/gnutoo~1/4195f~1.920/bin/../lib/gcc/arm-none-eabi/4.9.3/armv7e-m\libgcc.a(_arm_cmpdf2.o)
 .data          0x20000150        0x0 c:/progra~2/gnutoo~1/4195f~1.920/bin/../lib/gcc/arm-none-eabi/4.9.3/armv7e-m\libgcc.a(_arm_fixdfsi.o)
 .data          0x20000150        0x0 c:/progra~2/gnutoo~1/4195f~1.920/bin/../lib/gcc/arm-none-eabi/4.9.3/armv7e-m\libgcc.a(_arm_addsubsf3.o)
 .data          0x20000150        0x0 c:/progra~2/gnutoo~1/4195f~1.920/bin/../lib/gcc/arm-none-eabi/4.9.3/armv7e-m\libgcc.a(_arm_muldivsf3.o)
 .data          0x20000150        0x0 c:/progra~2/gnutoo~1/4195f~1.920/bin/../lib/gcc/arm-none-eabi/4.9.3/armv7e-m\libgcc.a(_arm_fixsfsi.o)
 .data          0x20000150        0x0 c:/progra~2/gnutoo~1/4195f~1.920/bin/../lib/gcc/arm-none-eabi/4.9.3/armv7e-m\libgcc.a(_arm_fixunssfsi.o)
 .data          0x20000150        0x0 C:\PROGRA~2\GNUTOO~1\4195F~1.920\arm-none-eabi\lib\thumb\libc.a(lib_a-exit.o)
 .data          0x20000150        0x0 C:\PROGRA~2\GNUTOO~1\4195F~1.920\arm-none-eabi\lib\thumb\libc.a(lib_a-impure.o)
 .data.impure_data
                0x20000150      0x428 C:\PROGRA~2\GNUTOO~1\4195F~1.920\arm-none-eabi\lib\thumb\libc.a(lib_a-impure.o)
 .data._impure_ptr
                0x20000578        0x4 C:\PROGRA~2\GNUTOO~1\4195F~1.920\arm-none-eabi\lib\thumb\libc.a(lib_a-impure.o)
                0x20000578                _impure_ptr
 .data          0x2000057c        0x0 C:\PROGRA~2\GNUTOO~1\4195F~1.920\arm-none-eabi\lib\thumb\libc.a(lib_a-init.o)
 .data          0x2000057c        0x0 C:\PROGRA~2\GNUTOO~1\4195F~1.920\arm-none-eabi\lib\thumb\libc.a(lib_a-memset.o)
 .data          0x2000057c        0x0 C:\PROGRA~2\GNUTOO~1\4195F~1.920\arm-none-eabi\lib\thumb\libc.a(lib_a-sprintf.o)
 .data          0x2000057c        0x0 C:\PROGRA~2\GNUTOO~1\4195F~1.920\arm-none-eabi\lib\thumb\libc.a(lib_a-svfprintf.o)
 .data          0x2000057c        0x0 C:\PROGRA~2\GNUTOO~1\4195F~1.920\arm-none-eabi\lib\thumb\libc.a(lib_a-__call_atexit.o)
 .data          0x2000057c        0x0 C:\PROGRA~2\GNUTOO~1\4195F~1.920\arm-none-eabi\lib\thumb\libc.a(lib_a-atexit.o)
 .data          0x2000057c        0x0 C:\PROGRA~2\GNUTOO~1\4195F~1.920\arm-none-eabi\lib\thumb\libc.a(lib_a-dtoa.o)
 .data          0x2000057c        0x0 C:\PROGRA~2\GNUTOO~1\4195F~1.920\arm-none-eabi\lib\thumb\libc.a(lib_a-fini.o)
 .data          0x2000057c        0x0 C:\PROGRA~2\GNUTOO~1\4195F~1.920\arm-none-eabi\lib\thumb\libc.a(lib_a-locale.o)
 .data.lc_message_charset
                0x2000057c       0x20 C:\PROGRA~2\GNUTOO~1\4195F~1.920\arm-none-eabi\lib\thumb\libc.a(lib_a-locale.o)
 .data.lconv    0x2000059c       0x38 C:\PROGRA~2\GNUTOO~1\4195F~1.920\arm-none-eabi\lib\thumb\libc.a(lib_a-locale.o)
 .data.lc_ctype_charset
                0x200005d4       0x20 C:\PROGRA~2\GNUTOO~1\4195F~1.920\arm-none-eabi\lib\thumb\libc.a(lib_a-locale.o)
 .data.__mb_cur_max
                0x200005f4        0x4 C:\PROGRA~2\GNUTOO~1\4195F~1.920\arm-none-eabi\lib\thumb\libc.a(lib_a-locale.o)
                0x200005f4                __mb_cur_max
 .data          0x200005f8        0x0 C:\PROGRA~2\GNUTOO~1\4195F~1.920\arm-none-eabi\lib\thumb\libc.a(lib_a-mallocr.o)
 .data.__malloc_av_
                0x200005f8      0x408 C:\PROGRA~2\GNUTOO~1\4195F~1.920\arm-none-eabi\lib\thumb\libc.a(lib_a-mallocr.o)
                0x200005f8                __malloc_av_
 .data.__malloc_trim_threshold
                0x20000a00        0x4 C:\PROGRA~2\GNUTOO~1\4195F~1.920\arm-none-eabi\lib\thumb\libc.a(lib_a-mallocr.o)
                0x20000a00                __malloc_trim_threshold
 .data.__malloc_sbrk_base
                0x20000a04        0x4 C:\PROGRA~2\GNUTOO~1\4195F~1.920\arm-none-eabi\lib\thumb\libc.a(lib_a-mallocr.o)
                0x20000a04                __malloc_sbrk_base
 .data          0x20000a08        0x0 C:\PROGRA~2\GNUTOO~1\4195F~1.920\arm-none-eabi\lib\thumb\libc.a(lib_a-memchr.o)
 .data          0x20000a08        0x0 C:\PROGRA~2\GNUTOO~1\4195F~1.920\arm-none-eabi\lib\thumb\libc.a(lib_a-memcpy.o)
 .data          0x20000a08        0x0 C:\PROGRA~2\GNUTOO~1\4195F~1.920\arm-none-eabi\lib\thumb\libc.a(lib_a-mlock.o)
 .data          0x20000a08        0x0 C:\PROGRA~2\GNUTOO~1\4195F~1.920\arm-none-eabi\lib\thumb\libc.a(lib_a-mprec.o)
 .data          0x20000a08        0x0 C:\PROGRA~2\GNUTOO~1\4195F~1.920\arm-none-eabi\lib\thumb\libc.a(lib_a-s_fpclassify.o)
 .data          0x20000a08        0x0 C:\PROGRA~2\GNUTOO~1\4195F~1.920\arm-none-eabi\lib\thumb\libc.a(lib_a-sbrkr.o)
 .data          0x20000a08        0x0 C:\PROGRA~2\GNUTOO~1\4195F~1.920\arm-none-eabi\lib\thumb\libc.a(lib_a-strcmp.o)
 .data          0x20000a08        0x0 C:\PROGRA~2\GNUTOO~1\4195F~1.920\arm-none-eabi\lib\thumb\libc.a(lib_a-strlen.o)
 .data          0x20000a08        0x0 C:\PROGRA~2\GNUTOO~1\4195F~1.920\arm-none-eabi\lib\thumb\libc.a(lib_a-svfiprintf.o)
 .data          0x20000a08        0x0 C:\PROGRA~2\GNUTOO~1\4195F~1.920\arm-none-eabi\lib\thumb\libc.a(lib_a-__atexit.o)
 .data          0x20000a08        0x0 C:\PROGRA~2\GNUTOO~1\4195F~1.920\arm-none-eabi\lib\thumb\libc.a(lib_a-callocr.o)
 .data          0x20000a08        0x0 C:\PROGRA~2\GNUTOO~1\4195F~1.920\arm-none-eabi\lib\thumb\libc.a(lib_a-freer.o)
 .data          0x20000a08        0x0 C:\PROGRA~2\GNUTOO~1\4195F~1.920\arm-none-eabi\lib\thumb\libc.a(lib_a-memmove.o)
 .data          0x20000a08        0x0 C:\PROGRA~2\GNUTOO~1\4195F~1.920\arm-none-eabi\lib\thumb\libc.a(lib_a-reallocr.o)
 .data          0x20000a08        0x0 C:\PROGRA~2\GNUTOO~1\4195F~1.920\arm-none-eabi\lib\thumb\libc.a(lib_a-reent.o)
 .data          0x20000a08        0x0 C:\PROGRA~2\GNUTOO~1\4195F~1.920\arm-none-eabi\lib\thumb\libnosys.a(sbrk.o)
 .data          0x20000a08        0x0 c:/progra~2/gnutoo~1/4195f~1.920/bin/../lib/gcc/arm-none-eabi/4.9.3/armv7e-m\libgcc.a(_udivsi3.o)
 .data          0x20000a08        0x0 c:/progra~2/gnutoo~1/4195f~1.920/bin/../lib/gcc/arm-none-eabi/4.9.3/armv7e-m\libgcc.a(_divsi3.o)
 .data          0x20000a08        0x0 c:/progra~2/gnutoo~1/4195f~1.920/bin/../lib/gcc/arm-none-eabi/4.9.3/armv7e-m\libgcc.a(_dvmd_tls.o)
 .data          0x20000a08        0x0 c:/progra~2/gnutoo~1/4195f~1.920/bin/../lib/gcc/arm-none-eabi/4.9.3/armv7e-m\libgcc.a(_aeabi_uldivmod.o)
 .data          0x20000a08        0x0 c:/progra~2/gnutoo~1/4195f~1.920/bin/../lib/gcc/arm-none-eabi/4.9.3/armv7e-m\libgcc.a(bpabi.o)
 .data          0x20000a08        0x0 c:/progra~2/gnutoo~1/4195f~1.920/bin/../lib/gcc/arm-none-eabi/4.9.3/armv7e-m\libgcc.a(_divdi3.o)
 .data          0x20000a08        0x0 c:/progra~2/gnutoo~1/4195f~1.920/bin/../lib/gcc/arm-none-eabi/4.9.3/armv7e-m\libgcc.a(_udivdi3.o)
 .data          0x20000a08        0x0 c:/progra~2/gnutoo~1/4195f~1.920/bin/../lib/gcc/arm-none-eabi/4.9.3/armv7e-m/crtend.o
 .data          0x20000a08        0x0 c:/progra~2/gnutoo~1/4195f~1.920/bin/../lib/gcc/arm-none-eabi/4.9.3/armv7e-m/crtn.o
                0x20000a08                . = ALIGN (0x4)
                0x20000a08                PROVIDE (__preinit_array_start, .)
 *(.preinit_array)
                0x20000a08                PROVIDE (__preinit_array_end, .)
                0x20000a08                . = ALIGN (0x4)
                0x20000a08                PROVIDE (__init_array_start, .)
 *(SORT(.init_array.*))
 .init_array.00000
                0x20000a08        0x4 C:\PROGRA~2\GNUTOO~1\4195F~1.920\arm-none-eabi\lib\thumb\libc.a(lib_a-__call_atexit.o)
 *(.init_array)
 .init_array    0x20000a0c        0x4 c:/progra~2/gnutoo~1/4195f~1.920/bin/../lib/gcc/arm-none-eabi/4.9.3/armv7e-m/crtbegin.o
                0x20000a10                PROVIDE (__init_array_end, .)
                0x20000a10                . = ALIGN (0x4)
                0x20000a10                PROVIDE (__fini_array_start, .)
 *(SORT(.fini_array.*))
 *(.fini_array)
 .fini_array    0x20000a10        0x4 c:/progra~2/gnutoo~1/4195f~1.920/bin/../lib/gcc/arm-none-eabi/4.9.3/armv7e-m/crtbegin.o
                0x20000a14                PROVIDE (__fini_array_end, .)
 *(.jcr*)
 .jcr           0x20000a14        0x0 c:/progra~2/gnutoo~1/4195f~1.920/bin/../lib/gcc/arm-none-eabi/4.9.3/armv7e-m/crtbegin.o
 .jcr           0x20000a14        0x4 c:/progra~2/gnutoo~1/4195f~1.920/bin/../lib/gcc/arm-none-eabi/4.9.3/armv7e-m/crtend.o
                0x20000a18                . = ALIGN (0x4)
                0x20000a18                __data_end__ = .

.igot.plt       0x20000a18        0x0 load address 0x0804e3f4
 .igot.plt      0x00000000        0x0 c:/progra~2/gnutoo~1/4195f~1.920/bin/../lib/gcc/arm-none-eabi/4.9.3/armv7e-m/crtbegin.o

.bss            0x20000a18      0x128 load address 0x0804e3f4
                0x20000a18                . = ALIGN (0x4)
                0x20000a18                __bss_start__ = .
 *(.bss*)
 .bss           0x20000a18        0x0 c:/progra~2/gnutoo~1/4195f~1.920/bin/../lib/gcc/arm-none-eabi/4.9.3/armv7e-m/crti.o
 .bss           0x20000a18       0x1c c:/progra~2/gnutoo~1/4195f~1.920/bin/../lib/gcc/arm-none-eabi/4.9.3/armv7e-m/crtbegin.o
 .bss           0x20000a34        0x0 c:/progra~2/gnutoo~1/4195f~1.920/bin/../lib/gcc/arm-none-eabi/4.9.3/../../../../arm-none-eabi/lib/armv7e-m/crt0.o
 .bss           0x20000a34        0x0 obj/Event.o
 .bss           0x20000a34        0x4 obj/STMPE811QTR.o
 .bss           0x20000a38        0x0 obj/SWatch.o
 .bss           0x20000a38        0x0 obj/Touch.o
 .bss           0x20000a38        0x0 obj/Widget.o
 .bss           0x20000a38        0x0 obj/WidgetConfig.o
 .bss           0x20000a38        0xd obj/code.o
                0x20000a38                ran
                0x20000a3c                hours
                0x20000a3d                minutes
                0x20000a3e                seconds
                0x20000a3f                tenths
                0x20000a40                alarm_signal
                0x20000a41                timer_exp
 .bss           0x20000a45        0x0 obj/debug.o
 *fill*         0x20000a45        0x3 
 .bss           0x20000a48        0x4 obj/eecfg.o
                0x20000a48                EE_sys_ceiling
 .bss           0x20000a4c        0x0 obj/pictures.o
 .bss           0x20000a4c        0x0 obj/pkg/mcu/st_stm32_stm32f4xx/src/startup_stm32f4xx_gnu.o
 .bss           0x20000a4c        0x0 obj/pkg/mcu/st_stm32_stm32f4xx/src/system_stm32f4xx.o
 .bss           0x20000a4c        0x0 libee.a(ee_hal_structs.o)
 .bss           0x20000a4c        0x0 libee.a(ee_utils.o)
 .bss           0x20000a4c        0x0 libee.a(ee_gnu_change_context_isr.o)
 .bss           0x20000a4c        0x0 libee.a(ee_irqendin.o)
 .bss           0x20000a4c        0x0 libee.a(ee_tstub.o)
 .bss           0x20000a4c        0x0 libee.a(ee_lookup.o)
 .bss           0x20000a4c        0x0 libee.a(ee_rq_exchg.o)
 .bss           0x20000a4c        0x0 libee.a(ee_alsetrel.o)
 .bss           0x20000a4c        0x0 libee.a(ee_altick.o)
 .bss           0x20000a4c        0x0 libee.a(ee_context.o)
 .bss           0x20000a4c        0x0 libee.a(ee_gnu_oo.o)
 .bss           0x20000a4c        0x0 libee.a(ee_tnterm.o)
 .bss           0x20000a4c        0x0 libee.a(ee_rq_inser.o)
 .bss           0x20000a4c        0x0 libee.a(ee_context.o)
 .bss           0x20000a4c        0x0 libee.a(ee_thendin.o)
 .bss           0x20000a4c        0x6 libstm32f4discovery.a(stm32f4_discovery_lcd.o)
 .bss           0x20000a52        0x0 libstm32f4xxspd.a(stm32f4xx_dma.o)
 .bss           0x20000a52        0x0 libstm32f4xxspd.a(stm32f4xx_fsmc.o)
 .bss           0x20000a52        0x0 libstm32f4xxspd.a(stm32f4xx_gpio.o)
 .bss           0x20000a52        0x0 libstm32f4xxspd.a(stm32f4xx_i2c.o)
 .bss           0x20000a52        0x0 libstm32f4xxspd.a(stm32f4xx_rcc.o)
 .bss           0x20000a52        0x0 c:/progra~2/gnutoo~1/4195f~1.920/bin/../lib/gcc/arm-none-eabi/4.9.3/armv7e-m\libgcc.a(_arm_addsubdf3.o)
 .bss           0x20000a52        0x0 c:/progra~2/gnutoo~1/4195f~1.920/bin/../lib/gcc/arm-none-eabi/4.9.3/armv7e-m\libgcc.a(_arm_muldivdf3.o)
 .bss           0x20000a52        0x0 c:/progra~2/gnutoo~1/4195f~1.920/bin/../lib/gcc/arm-none-eabi/4.9.3/armv7e-m\libgcc.a(_arm_cmpdf2.o)
 .bss           0x20000a52        0x0 c:/progra~2/gnutoo~1/4195f~1.920/bin/../lib/gcc/arm-none-eabi/4.9.3/armv7e-m\libgcc.a(_arm_fixdfsi.o)
 .bss           0x20000a52        0x0 c:/progra~2/gnutoo~1/4195f~1.920/bin/../lib/gcc/arm-none-eabi/4.9.3/armv7e-m\libgcc.a(_arm_addsubsf3.o)
 .bss           0x20000a52        0x0 c:/progra~2/gnutoo~1/4195f~1.920/bin/../lib/gcc/arm-none-eabi/4.9.3/armv7e-m\libgcc.a(_arm_muldivsf3.o)
 .bss           0x20000a52        0x0 c:/progra~2/gnutoo~1/4195f~1.920/bin/../lib/gcc/arm-none-eabi/4.9.3/armv7e-m\libgcc.a(_arm_fixsfsi.o)
 .bss           0x20000a52        0x0 c:/progra~2/gnutoo~1/4195f~1.920/bin/../lib/gcc/arm-none-eabi/4.9.3/armv7e-m\libgcc.a(_arm_fixunssfsi.o)
 .bss           0x20000a52        0x0 C:\PROGRA~2\GNUTOO~1\4195F~1.920\arm-none-eabi\lib\thumb\libc.a(lib_a-exit.o)
 .bss           0x20000a52        0x0 C:\PROGRA~2\GNUTOO~1\4195F~1.920\arm-none-eabi\lib\thumb\libc.a(lib_a-impure.o)
 .bss           0x20000a52        0x0 C:\PROGRA~2\GNUTOO~1\4195F~1.920\arm-none-eabi\lib\thumb\libc.a(lib_a-init.o)
 .bss           0x20000a52        0x0 C:\PROGRA~2\GNUTOO~1\4195F~1.920\arm-none-eabi\lib\thumb\libc.a(lib_a-memset.o)
 .bss           0x20000a52        0x0 C:\PROGRA~2\GNUTOO~1\4195F~1.920\arm-none-eabi\lib\thumb\libc.a(lib_a-sprintf.o)
 .bss           0x20000a52        0x0 C:\PROGRA~2\GNUTOO~1\4195F~1.920\arm-none-eabi\lib\thumb\libc.a(lib_a-svfprintf.o)
 .bss           0x20000a52        0x0 C:\PROGRA~2\GNUTOO~1\4195F~1.920\arm-none-eabi\lib\thumb\libc.a(lib_a-__call_atexit.o)
 .bss           0x20000a52        0x0 C:\PROGRA~2\GNUTOO~1\4195F~1.920\arm-none-eabi\lib\thumb\libc.a(lib_a-atexit.o)
 .bss           0x20000a52        0x0 C:\PROGRA~2\GNUTOO~1\4195F~1.920\arm-none-eabi\lib\thumb\libc.a(lib_a-dtoa.o)
 .bss           0x20000a52        0x0 C:\PROGRA~2\GNUTOO~1\4195F~1.920\arm-none-eabi\lib\thumb\libc.a(lib_a-fini.o)
 .bss           0x20000a52        0x0 C:\PROGRA~2\GNUTOO~1\4195F~1.920\arm-none-eabi\lib\thumb\libc.a(lib_a-locale.o)
 *fill*         0x20000a52        0x2 
 .bss._PathLocale
                0x20000a54        0x4 C:\PROGRA~2\GNUTOO~1\4195F~1.920\arm-none-eabi\lib\thumb\libc.a(lib_a-locale.o)
                0x20000a54                _PathLocale
 .bss.__nlocale_changed
                0x20000a58        0x4 C:\PROGRA~2\GNUTOO~1\4195F~1.920\arm-none-eabi\lib\thumb\libc.a(lib_a-locale.o)
                0x20000a58                __nlocale_changed
 .bss.__mlocale_changed
                0x20000a5c        0x4 C:\PROGRA~2\GNUTOO~1\4195F~1.920\arm-none-eabi\lib\thumb\libc.a(lib_a-locale.o)
                0x20000a5c                __mlocale_changed
 .bss           0x20000a60        0x0 C:\PROGRA~2\GNUTOO~1\4195F~1.920\arm-none-eabi\lib\thumb\libc.a(lib_a-mallocr.o)
 .bss.__malloc_max_total_mem
                0x20000a60        0x4 C:\PROGRA~2\GNUTOO~1\4195F~1.920\arm-none-eabi\lib\thumb\libc.a(lib_a-mallocr.o)
                0x20000a60                __malloc_max_total_mem
 .bss.__malloc_max_sbrked_mem
                0x20000a64        0x4 C:\PROGRA~2\GNUTOO~1\4195F~1.920\arm-none-eabi\lib\thumb\libc.a(lib_a-mallocr.o)
                0x20000a64                __malloc_max_sbrked_mem
 .bss.__malloc_top_pad
                0x20000a68        0x4 C:\PROGRA~2\GNUTOO~1\4195F~1.920\arm-none-eabi\lib\thumb\libc.a(lib_a-mallocr.o)
                0x20000a68                __malloc_top_pad
 .bss.__malloc_current_mallinfo
                0x20000a6c       0x28 C:\PROGRA~2\GNUTOO~1\4195F~1.920\arm-none-eabi\lib\thumb\libc.a(lib_a-mallocr.o)
                0x20000a6c                __malloc_current_mallinfo
 .bss           0x20000a94        0x0 C:\PROGRA~2\GNUTOO~1\4195F~1.920\arm-none-eabi\lib\thumb\libc.a(lib_a-memchr.o)
 .bss           0x20000a94        0x0 C:\PROGRA~2\GNUTOO~1\4195F~1.920\arm-none-eabi\lib\thumb\libc.a(lib_a-memcpy.o)
 .bss           0x20000a94        0x0 C:\PROGRA~2\GNUTOO~1\4195F~1.920\arm-none-eabi\lib\thumb\libc.a(lib_a-mlock.o)
 .bss           0x20000a94        0x0 C:\PROGRA~2\GNUTOO~1\4195F~1.920\arm-none-eabi\lib\thumb\libc.a(lib_a-mprec.o)
 .bss           0x20000a94        0x0 C:\PROGRA~2\GNUTOO~1\4195F~1.920\arm-none-eabi\lib\thumb\libc.a(lib_a-s_fpclassify.o)
 .bss           0x20000a94        0x0 C:\PROGRA~2\GNUTOO~1\4195F~1.920\arm-none-eabi\lib\thumb\libc.a(lib_a-sbrkr.o)
 .bss           0x20000a94        0x0 C:\PROGRA~2\GNUTOO~1\4195F~1.920\arm-none-eabi\lib\thumb\libc.a(lib_a-strcmp.o)
 .bss           0x20000a94        0x0 C:\PROGRA~2\GNUTOO~1\4195F~1.920\arm-none-eabi\lib\thumb\libc.a(lib_a-strlen.o)
 .bss           0x20000a94        0x0 C:\PROGRA~2\GNUTOO~1\4195F~1.920\arm-none-eabi\lib\thumb\libc.a(lib_a-svfiprintf.o)
 .bss           0x20000a94        0x0 C:\PROGRA~2\GNUTOO~1\4195F~1.920\arm-none-eabi\lib\thumb\libc.a(lib_a-__atexit.o)
 .bss           0x20000a94        0x0 C:\PROGRA~2\GNUTOO~1\4195F~1.920\arm-none-eabi\lib\thumb\libc.a(lib_a-callocr.o)
 .bss           0x20000a94        0x0 C:\PROGRA~2\GNUTOO~1\4195F~1.920\arm-none-eabi\lib\thumb\libc.a(lib_a-freer.o)
 .bss           0x20000a94        0x0 C:\PROGRA~2\GNUTOO~1\4195F~1.920\arm-none-eabi\lib\thumb\libc.a(lib_a-memmove.o)
 .bss           0x20000a94        0x0 C:\PROGRA~2\GNUTOO~1\4195F~1.920\arm-none-eabi\lib\thumb\libc.a(lib_a-reallocr.o)
 .bss           0x20000a94        0x0 C:\PROGRA~2\GNUTOO~1\4195F~1.920\arm-none-eabi\lib\thumb\libc.a(lib_a-reent.o)
 .bss           0x20000a94        0x0 C:\PROGRA~2\GNUTOO~1\4195F~1.920\arm-none-eabi\lib\thumb\libnosys.a(sbrk.o)
 .bss.heap_end.4079
                0x20000a94        0x4 C:\PROGRA~2\GNUTOO~1\4195F~1.920\arm-none-eabi\lib\thumb\libnosys.a(sbrk.o)
 .bss           0x20000a98        0x0 c:/progra~2/gnutoo~1/4195f~1.920/bin/../lib/gcc/arm-none-eabi/4.9.3/armv7e-m\libgcc.a(_udivsi3.o)
 .bss           0x20000a98        0x0 c:/progra~2/gnutoo~1/4195f~1.920/bin/../lib/gcc/arm-none-eabi/4.9.3/armv7e-m\libgcc.a(_divsi3.o)
 .bss           0x20000a98        0x0 c:/progra~2/gnutoo~1/4195f~1.920/bin/../lib/gcc/arm-none-eabi/4.9.3/armv7e-m\libgcc.a(_dvmd_tls.o)
 .bss           0x20000a98        0x0 c:/progra~2/gnutoo~1/4195f~1.920/bin/../lib/gcc/arm-none-eabi/4.9.3/armv7e-m\libgcc.a(_aeabi_uldivmod.o)
 .bss           0x20000a98        0x0 c:/progra~2/gnutoo~1/4195f~1.920/bin/../lib/gcc/arm-none-eabi/4.9.3/armv7e-m\libgcc.a(bpabi.o)
 .bss           0x20000a98        0x0 c:/progra~2/gnutoo~1/4195f~1.920/bin/../lib/gcc/arm-none-eabi/4.9.3/armv7e-m\libgcc.a(_divdi3.o)
 .bss           0x20000a98        0x0 c:/progra~2/gnutoo~1/4195f~1.920/bin/../lib/gcc/arm-none-eabi/4.9.3/armv7e-m\libgcc.a(_udivdi3.o)
 .bss           0x20000a98        0x0 c:/progra~2/gnutoo~1/4195f~1.920/bin/../lib/gcc/arm-none-eabi/4.9.3/armv7e-m/crtend.o
 .bss           0x20000a98        0x0 c:/progra~2/gnutoo~1/4195f~1.920/bin/../lib/gcc/arm-none-eabi/4.9.3/armv7e-m/crtn.o
 *(COMMON)
 COMMON         0x20000a98        0x1 obj/Event.o
                0x20000a98                evts
 *fill*         0x20000a99        0x3 
 COMMON         0x20000a9c        0x8 obj/STMPE811QTR.o
                0x20000a9c                TS_State
 COMMON         0x20000aa4       0x20 obj/Touch.o
                0x20000aa4                touch_points
                0x20000ab8                tcs
 COMMON         0x20000ac4       0x3c obj/code.o
                0x20000ac4                Bminus
                0x20000ac5                Balarm
                0x20000ac8                ZCSig
                0x20000ad1                Btime
                0x20000ad2                mode
                0x20000ad3                Bstart
                0x20000ad4                DWork
                0x20000ae8                errorSig
                0x20000af0                SWatch_state
                0x20000afc                Btimer
                0x20000afd                Bstop
                0x20000afe                Bswatch
                0x20000aff                Bplus
 COMMON         0x20000b00       0x2c obj/eecfg.o
                0x20000b00                EE_terminate_data
                0x20000b08                EE_oo_counter_object_RAM
                0x20000b28                EE_ApplicationMode
 COMMON         0x20000b2c        0x8 libee.a(ee_hal_structs.o)
                0x20000b2c                EE_IRQ_nesting_level
                0x20000b30                EE_std_endcycle_next_tid
 COMMON         0x20000b34        0x8 libee.a(ee_lookup.o)
                0x20000b34                EE_oo_IRQ_disable_count
                0x20000b38                EE_oo_IRQ_suspend_status
 COMMON         0x20000b3c        0x4 C:\PROGRA~2\GNUTOO~1\4195F~1.920\arm-none-eabi\lib\thumb\libc.a(lib_a-reent.o)
                0x20000b3c                errno
                0x20000b40                . = ALIGN (0x4)
                0x20000b40                __bss_end__ = .

.heap           0x20000b40      0x100
                0x20000b40                __end__ = .
                0x20000b40                end = __end__
 *(.heap*)
 .heap          0x20000b40      0x100 obj/pkg/mcu/st_stm32_stm32f4xx/src/startup_stm32f4xx_gnu.o
                0x20000b40                __HeapBase
                0x20000c40                __HeapLimit = .

.stack_dummy    0x20000b40      0xc00
 *(.stack*)
 .stack         0x20000b40      0xc00 obj/pkg/mcu/st_stm32_stm32f4xx/src/startup_stm32f4xx_gnu.o
                0x20020000                __StackTop = (ORIGIN (RAM) + 0x20000)
                0x2001f400                __StackLimit = (__StackTop - SIZEOF (.stack_dummy))
                0x20020000                PROVIDE (__stack, __StackTop)
                0x00000001                ASSERT ((__StackLimit >= __HeapLimit), region RAM overflowed with stack)
                0x10000000                __CcmOrigin = ORIGIN (CCM)
                0x00010000                __CcmLen = 0x10000
START GROUP
LOAD c:/progra~2/gnutoo~1/4195f~1.920/bin/../lib/gcc/arm-none-eabi/4.9.3/armv7e-m\libgcc.a
LOAD C:\PROGRA~2\GNUTOO~1\4195F~1.920\arm-none-eabi\lib\thumb\libg.a
LOAD C:\PROGRA~2\GNUTOO~1\4195F~1.920\arm-none-eabi\lib\thumb\libc.a
END GROUP
LOAD c:/progra~2/gnutoo~1/4195f~1.920/bin/../lib/gcc/arm-none-eabi/4.9.3/armv7e-m/crtend.o
LOAD c:/progra~2/gnutoo~1/4195f~1.920/bin/../lib/gcc/arm-none-eabi/4.9.3/armv7e-m/crtn.o
OUTPUT(c_mX.elf elf32-littlearm)

.ARM.attributes
                0x00000000       0x2c
 .ARM.attributes
                0x00000000       0x1e c:/progra~2/gnutoo~1/4195f~1.920/bin/../lib/gcc/arm-none-eabi/4.9.3/armv7e-m/crti.o
 .ARM.attributes
                0x0000001e       0x2e c:/progra~2/gnutoo~1/4195f~1.920/bin/../lib/gcc/arm-none-eabi/4.9.3/armv7e-m/crtbegin.o
 .ARM.attributes
                0x0000004c       0x1c c:/progra~2/gnutoo~1/4195f~1.920/bin/../lib/gcc/arm-none-eabi/4.9.3/../../../../arm-none-eabi/lib/armv7e-m/crt0.o
 .ARM.attributes
                0x00000068       0x33 obj/Event.o
 .ARM.attributes
                0x0000009b       0x33 obj/STMPE811QTR.o
 .ARM.attributes
                0x000000ce       0x33 obj/SWatch.o
 .ARM.attributes
                0x00000101       0x33 obj/Touch.o
 .ARM.attributes
                0x00000134       0x33 obj/Widget.o
 .ARM.attributes
                0x00000167       0x33 obj/WidgetConfig.o
 .ARM.attributes
                0x0000019a       0x33 obj/code.o
 .ARM.attributes
                0x000001cd       0x33 obj/debug.o
 .ARM.attributes
                0x00000200       0x33 obj/eecfg.o
 .ARM.attributes
                0x00000233       0x33 obj/pictures.o
 .ARM.attributes
                0x00000266       0x1c obj/pkg/mcu/st_stm32_stm32f4xx/src/startup_stm32f4xx_gnu.o
 .ARM.attributes
                0x00000282       0x33 obj/pkg/mcu/st_stm32_stm32f4xx/src/system_stm32f4xx.o
 .ARM.attributes
                0x000002b5       0x33 libee.a(ee_hal_structs.o)
 .ARM.attributes
                0x000002e8       0x33 libee.a(ee_utils.o)
 .ARM.attributes
                0x0000031b       0x21 libee.a(ee_gnu_change_context_isr.o)
 .ARM.attributes
                0x0000033c       0x33 libee.a(ee_irqendin.o)
 .ARM.attributes
                0x0000036f       0x33 libee.a(ee_tstub.o)
 .ARM.attributes
                0x000003a2       0x33 libee.a(ee_lookup.o)
 .ARM.attributes
                0x000003d5       0x33 libee.a(ee_rq_exchg.o)
 .ARM.attributes
                0x00000408       0x33 libee.a(ee_alsetrel.o)
 .ARM.attributes
                0x0000043b       0x33 libee.a(ee_altick.o)
 .ARM.attributes
                0x0000046e       0x33 libee.a(ee_context.o)
 .ARM.attributes
                0x000004a1       0x21 libee.a(ee_gnu_oo.o)
 .ARM.attributes
                0x000004c2       0x33 libee.a(ee_tnterm.o)
 .ARM.attributes
                0x000004f5       0x33 libee.a(ee_rq_inser.o)
 .ARM.attributes
                0x00000528       0x33 libee.a(ee_context.o)
 .ARM.attributes
                0x0000055b       0x33 libee.a(ee_thendin.o)
 .ARM.attributes
                0x0000058e       0x33 libstm32f4discovery.a(stm32f4_discovery_lcd.o)
 .ARM.attributes
                0x000005c1       0x33 libstm32f4xxspd.a(stm32f4xx_dma.o)
 .ARM.attributes
                0x000005f4       0x33 libstm32f4xxspd.a(stm32f4xx_fsmc.o)
 .ARM.attributes
                0x00000627       0x33 libstm32f4xxspd.a(stm32f4xx_gpio.o)
 .ARM.attributes
                0x0000065a       0x33 libstm32f4xxspd.a(stm32f4xx_i2c.o)
 .ARM.attributes
                0x0000068d       0x33 libstm32f4xxspd.a(stm32f4xx_rcc.o)
 .ARM.attributes
                0x000006c0       0x1e c:/progra~2/gnutoo~1/4195f~1.920/bin/../lib/gcc/arm-none-eabi/4.9.3/armv7e-m\libgcc.a(_arm_addsubdf3.o)
 .ARM.attributes
                0x000006de       0x1e c:/progra~2/gnutoo~1/4195f~1.920/bin/../lib/gcc/arm-none-eabi/4.9.3/armv7e-m\libgcc.a(_arm_muldivdf3.o)
 .ARM.attributes
                0x000006fc       0x1e c:/progra~2/gnutoo~1/4195f~1.920/bin/../lib/gcc/arm-none-eabi/4.9.3/armv7e-m\libgcc.a(_arm_cmpdf2.o)
 .ARM.attributes
                0x0000071a       0x1e c:/progra~2/gnutoo~1/4195f~1.920/bin/../lib/gcc/arm-none-eabi/4.9.3/armv7e-m\libgcc.a(_arm_fixdfsi.o)
 .ARM.attributes
                0x00000738       0x1e c:/progra~2/gnutoo~1/4195f~1.920/bin/../lib/gcc/arm-none-eabi/4.9.3/armv7e-m\libgcc.a(_arm_addsubsf3.o)
 .ARM.attributes
                0x00000756       0x1e c:/progra~2/gnutoo~1/4195f~1.920/bin/../lib/gcc/arm-none-eabi/4.9.3/armv7e-m\libgcc.a(_arm_muldivsf3.o)
 .ARM.attributes
                0x00000774       0x1e c:/progra~2/gnutoo~1/4195f~1.920/bin/../lib/gcc/arm-none-eabi/4.9.3/armv7e-m\libgcc.a(_arm_fixsfsi.o)
 .ARM.attributes
                0x00000792       0x1e c:/progra~2/gnutoo~1/4195f~1.920/bin/../lib/gcc/arm-none-eabi/4.9.3/armv7e-m\libgcc.a(_arm_fixunssfsi.o)
 .ARM.attributes
                0x000007b0       0x30 C:\PROGRA~2\GNUTOO~1\4195F~1.920\arm-none-eabi\lib\thumb\libc.a(lib_a-exit.o)
 .ARM.attributes
                0x000007e0       0x30 C:\PROGRA~2\GNUTOO~1\4195F~1.920\arm-none-eabi\lib\thumb\libc.a(lib_a-impure.o)
 .ARM.attributes
                0x00000810       0x30 C:\PROGRA~2\GNUTOO~1\4195F~1.920\arm-none-eabi\lib\thumb\libc.a(lib_a-init.o)
 .ARM.attributes
                0x00000840       0x30 C:\PROGRA~2\GNUTOO~1\4195F~1.920\arm-none-eabi\lib\thumb\libc.a(lib_a-memset.o)
 .ARM.attributes
                0x00000870       0x30 C:\PROGRA~2\GNUTOO~1\4195F~1.920\arm-none-eabi\lib\thumb\libc.a(lib_a-sprintf.o)
 .ARM.attributes
                0x000008a0       0x30 C:\PROGRA~2\GNUTOO~1\4195F~1.920\arm-none-eabi\lib\thumb\libc.a(lib_a-svfprintf.o)
 .ARM.attributes
                0x000008d0       0x30 C:\PROGRA~2\GNUTOO~1\4195F~1.920\arm-none-eabi\lib\thumb\libc.a(lib_a-__call_atexit.o)
 .ARM.attributes
                0x00000900       0x30 C:\PROGRA~2\GNUTOO~1\4195F~1.920\arm-none-eabi\lib\thumb\libc.a(lib_a-atexit.o)
 .ARM.attributes
                0x00000930       0x30 C:\PROGRA~2\GNUTOO~1\4195F~1.920\arm-none-eabi\lib\thumb\libc.a(lib_a-dtoa.o)
 .ARM.attributes
                0x00000960       0x30 C:\PROGRA~2\GNUTOO~1\4195F~1.920\arm-none-eabi\lib\thumb\libc.a(lib_a-fini.o)
 .ARM.attributes
                0x00000990       0x30 C:\PROGRA~2\GNUTOO~1\4195F~1.920\arm-none-eabi\lib\thumb\libc.a(lib_a-locale.o)
 .ARM.attributes
                0x000009c0       0x30 C:\PROGRA~2\GNUTOO~1\4195F~1.920\arm-none-eabi\lib\thumb\libc.a(lib_a-mallocr.o)
 .ARM.attributes
                0x000009f0       0x30 C:\PROGRA~2\GNUTOO~1\4195F~1.920\arm-none-eabi\lib\thumb\libc.a(lib_a-memchr.o)
 .ARM.attributes
                0x00000a20       0x30 C:\PROGRA~2\GNUTOO~1\4195F~1.920\arm-none-eabi\lib\thumb\libc.a(lib_a-memcpy.o)
 .ARM.attributes
                0x00000a50       0x30 C:\PROGRA~2\GNUTOO~1\4195F~1.920\arm-none-eabi\lib\thumb\libc.a(lib_a-mlock.o)
 .ARM.attributes
                0x00000a80       0x30 C:\PROGRA~2\GNUTOO~1\4195F~1.920\arm-none-eabi\lib\thumb\libc.a(lib_a-mprec.o)
 .ARM.attributes
                0x00000ab0       0x30 C:\PROGRA~2\GNUTOO~1\4195F~1.920\arm-none-eabi\lib\thumb\libc.a(lib_a-s_fpclassify.o)
 .ARM.attributes
                0x00000ae0       0x30 C:\PROGRA~2\GNUTOO~1\4195F~1.920\arm-none-eabi\lib\thumb\libc.a(lib_a-sbrkr.o)
 .ARM.attributes
                0x00000b10       0x16 C:\PROGRA~2\GNUTOO~1\4195F~1.920\arm-none-eabi\lib\thumb\libc.a(lib_a-strcmp.o)
 .ARM.attributes
                0x00000b26       0x30 C:\PROGRA~2\GNUTOO~1\4195F~1.920\arm-none-eabi\lib\thumb\libc.a(lib_a-strlen.o)
 .ARM.attributes
                0x00000b56       0x30 C:\PROGRA~2\GNUTOO~1\4195F~1.920\arm-none-eabi\lib\thumb\libc.a(lib_a-svfiprintf.o)
 .ARM.attributes
                0x00000b86       0x30 C:\PROGRA~2\GNUTOO~1\4195F~1.920\arm-none-eabi\lib\thumb\libc.a(lib_a-__atexit.o)
 .ARM.attributes
                0x00000bb6       0x30 C:\PROGRA~2\GNUTOO~1\4195F~1.920\arm-none-eabi\lib\thumb\libc.a(lib_a-callocr.o)
 .ARM.attributes
                0x00000be6       0x30 C:\PROGRA~2\GNUTOO~1\4195F~1.920\arm-none-eabi\lib\thumb\libc.a(lib_a-freer.o)
 .ARM.attributes
                0x00000c16       0x30 C:\PROGRA~2\GNUTOO~1\4195F~1.920\arm-none-eabi\lib\thumb\libc.a(lib_a-memmove.o)
 .ARM.attributes
                0x00000c46       0x30 C:\PROGRA~2\GNUTOO~1\4195F~1.920\arm-none-eabi\lib\thumb\libc.a(lib_a-reallocr.o)
 .ARM.attributes
                0x00000c76       0x30 C:\PROGRA~2\GNUTOO~1\4195F~1.920\arm-none-eabi\lib\thumb\libc.a(lib_a-reent.o)
 .ARM.attributes
                0x00000ca6       0x30 C:\PROGRA~2\GNUTOO~1\4195F~1.920\arm-none-eabi\lib\thumb\libnosys.a(sbrk.o)
 .ARM.attributes
                0x00000cd6       0x1e c:/progra~2/gnutoo~1/4195f~1.920/bin/../lib/gcc/arm-none-eabi/4.9.3/armv7e-m\libgcc.a(_udivsi3.o)
 .ARM.attributes
                0x00000cf4       0x1e c:/progra~2/gnutoo~1/4195f~1.920/bin/../lib/gcc/arm-none-eabi/4.9.3/armv7e-m\libgcc.a(_divsi3.o)
 .ARM.attributes
                0x00000d12       0x1e c:/progra~2/gnutoo~1/4195f~1.920/bin/../lib/gcc/arm-none-eabi/4.9.3/armv7e-m\libgcc.a(_dvmd_tls.o)
 .ARM.attributes
                0x00000d30       0x1e c:/progra~2/gnutoo~1/4195f~1.920/bin/../lib/gcc/arm-none-eabi/4.9.3/armv7e-m\libgcc.a(_aeabi_uldivmod.o)
 .ARM.attributes
                0x00000d4e       0x2e c:/progra~2/gnutoo~1/4195f~1.920/bin/../lib/gcc/arm-none-eabi/4.9.3/armv7e-m\libgcc.a(bpabi.o)
 .ARM.attributes
                0x00000d7c       0x2e c:/progra~2/gnutoo~1/4195f~1.920/bin/../lib/gcc/arm-none-eabi/4.9.3/armv7e-m\libgcc.a(_divdi3.o)
 .ARM.attributes
                0x00000daa       0x2e c:/progra~2/gnutoo~1/4195f~1.920/bin/../lib/gcc/arm-none-eabi/4.9.3/armv7e-m\libgcc.a(_udivdi3.o)
 .ARM.attributes
                0x00000dd8       0x2e c:/progra~2/gnutoo~1/4195f~1.920/bin/../lib/gcc/arm-none-eabi/4.9.3/armv7e-m/crtend.o
 .ARM.attributes
                0x00000e06       0x1e c:/progra~2/gnutoo~1/4195f~1.920/bin/../lib/gcc/arm-none-eabi/4.9.3/armv7e-m/crtn.o

.comment        0x00000000       0x70
 .comment       0x00000000       0x70 obj/Event.o
                                 0x71 (size before relaxing)
 .comment       0x00000000       0x71 obj/STMPE811QTR.o
 .comment       0x00000000       0x71 obj/SWatch.o
 .comment       0x00000000       0x71 obj/Touch.o
 .comment       0x00000000       0x71 obj/Widget.o
 .comment       0x00000000       0x71 obj/WidgetConfig.o
 .comment       0x00000000       0x71 obj/code.o
 .comment       0x00000000       0x71 obj/debug.o
 .comment       0x00000000       0x71 obj/eecfg.o
 .comment       0x00000000       0x71 obj/pictures.o
 .comment       0x00000000       0x71 obj/pkg/mcu/st_stm32_stm32f4xx/src/system_stm32f4xx.o
 .comment       0x00000000       0x71 libee.a(ee_hal_structs.o)
 .comment       0x00000000       0x71 libee.a(ee_utils.o)
 .comment       0x00000000       0x71 libee.a(ee_irqendin.o)
 .comment       0x00000000       0x71 libee.a(ee_tstub.o)
 .comment       0x00000000       0x71 libee.a(ee_lookup.o)
 .comment       0x00000000       0x71 libee.a(ee_rq_exchg.o)
 .comment       0x00000000       0x71 libee.a(ee_alsetrel.o)
 .comment       0x00000000       0x71 libee.a(ee_altick.o)
 .comment       0x00000000       0x71 libee.a(ee_context.o)
 .comment       0x00000000       0x71 libee.a(ee_tnterm.o)
 .comment       0x00000000       0x71 libee.a(ee_rq_inser.o)
 .comment       0x00000000       0x71 libee.a(ee_context.o)
 .comment       0x00000000       0x71 libee.a(ee_thendin.o)
 .comment       0x00000000       0x71 libstm32f4discovery.a(stm32f4_discovery_lcd.o)
 .comment       0x00000000       0x71 libstm32f4xxspd.a(stm32f4xx_dma.o)
 .comment       0x00000000       0x71 libstm32f4xxspd.a(stm32f4xx_fsmc.o)
 .comment       0x00000000       0x71 libstm32f4xxspd.a(stm32f4xx_gpio.o)
 .comment       0x00000000       0x71 libstm32f4xxspd.a(stm32f4xx_i2c.o)
 .comment       0x00000000       0x71 libstm32f4xxspd.a(stm32f4xx_rcc.o)

.debug_info     0x00000000     0xca0a
 .debug_info    0x00000000       0x3d obj/Event.o
 .debug_info    0x0000003d      0xd4f obj/STMPE811QTR.o
 .debug_info    0x00000d8c      0x873 obj/SWatch.o
 .debug_info    0x000015ff      0x482 obj/Touch.o
 .debug_info    0x00001a81      0x454 obj/Widget.o
 .debug_info    0x00001ed5      0x4b0 obj/WidgetConfig.o
 .debug_info    0x00002385      0xcc5 obj/code.o
 .debug_info    0x0000304a      0x18a obj/debug.o
 .debug_info    0x000031d4      0x648 obj/eecfg.o
 .debug_info    0x0000381c      0x1c0 obj/pictures.o
 .debug_info    0x000039dc       0xcf obj/pkg/mcu/st_stm32_stm32f4xx/src/startup_stm32f4xx_gnu.o
 .debug_info    0x00003aab      0x592 obj/pkg/mcu/st_stm32_stm32f4xx/src/system_stm32f4xx.o
 .debug_info    0x0000403d      0x472 libee.a(ee_hal_structs.o)
 .debug_info    0x000044af      0x549 libee.a(ee_utils.o)
 .debug_info    0x000049f8       0xce libee.a(ee_gnu_change_context_isr.o)
 .debug_info    0x00004ac6      0x5f2 libee.a(ee_irqendin.o)
 .debug_info    0x000050b8      0x51f libee.a(ee_tstub.o)
 .debug_info    0x000055d7      0x472 libee.a(ee_lookup.o)
 .debug_info    0x00005a49      0x48e libee.a(ee_rq_exchg.o)
 .debug_info    0x00005ed7      0x5f3 libee.a(ee_alsetrel.o)
 .debug_info    0x000064ca      0xa6a libee.a(ee_altick.o)
 .debug_info    0x00006f34      0x48a libee.a(ee_context.o)
 .debug_info    0x000073be       0xbe libee.a(ee_gnu_oo.o)
 .debug_info    0x0000747c      0x4d9 libee.a(ee_tnterm.o)
 .debug_info    0x00007955      0x4ae libee.a(ee_rq_inser.o)
 .debug_info    0x00007e03      0x4f4 libee.a(ee_context.o)
 .debug_info    0x000082f7      0x653 libee.a(ee_thendin.o)
 .debug_info    0x0000894a     0x134c libstm32f4discovery.a(stm32f4_discovery_lcd.o)
 .debug_info    0x00009c96      0x739 libstm32f4xxspd.a(stm32f4xx_dma.o)
 .debug_info    0x0000a3cf      0x8f5 libstm32f4xxspd.a(stm32f4xx_fsmc.o)